[0.054s] Invoking command in '/home/andrey/Documents/RobotParts/Code/HighLevelCode/ros_ws/build/lds01_driver': CMAKE_PREFIX_PATH=${CMAKE_PREFIX_PATH}:/opt/ros/jazzy DEBUGINFOD_URLS=https://debuginfod.ubuntu.com /usr/bin/cmake --build /home/andrey/Documents/RobotParts/Code/HighLevelCode/ros_ws/build/lds01_driver -- -j4 -l4
[0.376s] [ 66%] Built target parser_lib
[0.559s] [100%] Built target lidar_node
[0.621s] Invoked command in '/home/andrey/Documents/RobotParts/Code/HighLevelCode/ros_ws/build/lds01_driver' returned '0': CMAKE_PREFIX_PATH=${CMAKE_PREFIX_PATH}:/opt/ros/jazzy DEBUGINFOD_URLS=https://debuginfod.ubuntu.com /usr/bin/cmake --build /home/andrey/Documents/RobotParts/Code/HighLevelCode/ros_ws/build/lds01_driver -- -j4 -l4
[0.677s] Invoking command in '/home/andrey/Documents/RobotParts/Code/HighLevelCode/ros_ws/build/lds01_driver': CMAKE_PREFIX_PATH=${CMAKE_PREFIX_PATH}:/opt/ros/jazzy DEBUGINFOD_URLS=https://debuginfod.ubuntu.com /usr/bin/cmake --install /home/andrey/Documents/RobotParts/Code/HighLevelCode/ros_ws/build/lds01_driver
[0.720s] -- Install configuration: ""
[0.721s] -- Up-to-date: /home/andrey/Documents/RobotParts/Code/HighLevelCode/ros_ws/install/lds01_driver/lib/lds01_driver/lidar_node
[0.723s] -- Up-to-date: /home/andrey/Documents/RobotParts/Code/HighLevelCode/ros_ws/install/lds01_driver/lib/lds01_driver/libparser_lib.a
[0.726s] -- Up-to-date: /home/andrey/Documents/RobotParts/Code/HighLevelCode/ros_ws/install/lds01_driver/include/lds01_driver
[0.727s] -- Up-to-date: /home/andrey/Documents/RobotParts/Code/HighLevelCode/ros_ws/install/lds01_driver/include/lds01_driver/lds01_driver
[0.727s] -- Up-to-date: /home/andrey/Documents/RobotParts/Code/HighLevelCode/ros_ws/install/lds01_driver/include/lds01_driver/lds01_driver/parser.h
[0.729s] -- Up-to-date: /home/andrey/Documents/RobotParts/Code/HighLevelCode/ros_ws/install/lds01_driver/include/lds01_driver/lds01_driver/serial.h
[0.729s] -- Up-to-date: /home/andrey/Documents/RobotParts/Code/HighLevelCode/ros_ws/install/lds01_driver/include/lds01_driver/lds01_driver/gpio.h
[0.730s] -- Up-to-date: /home/andrey/Documents/RobotParts/Code/HighLevelCode/ros_ws/install/lds01_driver/share/lds01_driver
[0.732s] -- Installing: /home/andrey/Documents/RobotParts/Code/HighLevelCode/ros_ws/install/lds01_driver/share/lds01_driver/.keep
[0.733s] -- Installing: /home/andrey/Documents/RobotParts/Code/HighLevelCode/ros_ws/install/lds01_driver/share/lds01_driver/environment/library_path.sh
[0.733s] -- Installing: /home/andrey/Documents/RobotParts/Code/HighLevelCode/ros_ws/install/lds01_driver/share/lds01_driver/environment/library_path.dsv
[0.735s] -- Installing: /home/andrey/Documents/RobotParts/Code/HighLevelCode/ros_ws/install/lds01_driver/share/ament_index/resource_index/package_run_dependencies/lds01_driver
[0.736s] -- Installing: /home/andrey/Documents/RobotParts/Code/HighLevelCode/ros_ws/install/lds01_driver/share/ament_index/resource_index/parent_prefix_path/lds01_driver
[0.742s] -- Installing: /home/andrey/Documents/RobotParts/Code/HighLevelCode/ros_ws/install/lds01_driver/share/lds01_driver/environment/ament_prefix_path.sh
[0.746s] -- Installing: /home/andrey/Documents/RobotParts/Code/HighLevelCode/ros_ws/install/lds01_driver/share/lds01_driver/environment/ament_prefix_path.dsv
[0.748s] -- Installing: /home/andrey/Documents/RobotParts/Code/HighLevelCode/ros_ws/install/lds01_driver/share/lds01_driver/environment/path.sh
[0.750s] -- Installing: /home/andrey/Documents/RobotParts/Code/HighLevelCode/ros_ws/install/lds01_driver/share/lds01_driver/environment/path.dsv
[0.756s] -- Installing: /home/andrey/Documents/RobotParts/Code/HighLevelCode/ros_ws/install/lds01_driver/share/lds01_driver/local_setup.bash
[0.760s] -- Installing: /home/andrey/Documents/RobotParts/Code/HighLevelCode/ros_ws/install/lds01_driver/share/lds01_driver/local_setup.sh
[0.762s] -- Installing: /home/andrey/Documents/RobotParts/Code/HighLevelCode/ros_ws/install/lds01_driver/share/lds01_driver/local_setup.zsh
[0.765s] -- Installing: /home/andrey/Documents/RobotParts/Code/HighLevelCode/ros_ws/install/lds01_driver/share/lds01_driver/local_setup.dsv
[0.768s] -- Installing: /home/andrey/Documents/RobotParts/Code/HighLevelCode/ros_ws/install/lds01_driver/share/lds01_driver/package.dsv
[0.771s] -- Installing: /home/andrey/Documents/RobotParts/Code/HighLevelCode/ros_ws/install/lds01_driver/share/ament_index/resource_index/packages/lds01_driver
[0.774s] -- Installing: /home/andrey/Documents/RobotParts/Code/HighLevelCode/ros_ws/install/lds01_driver/share/lds01_driver/cmake/ament_cmake_export_include_directories-extras.cmake
[0.776s] -- Installing: /home/andrey/Documents/RobotParts/Code/HighLevelCode/ros_ws/install/lds01_driver/share/lds01_driver/cmake/ament_cmake_export_libraries-extras.cmake
[0.777s] -- Installing: /home/andrey/Documents/RobotParts/Code/HighLevelCode/ros_ws/install/lds01_driver/share/lds01_driver/cmake/lds01_driverConfig.cmake
[0.779s] -- Installing: /home/andrey/Documents/RobotParts/Code/HighLevelCode/ros_ws/install/lds01_driver/share/lds01_driver/cmake/lds01_driverConfig-version.cmake
[0.780s] -- Installing: /home/andrey/Documents/RobotParts/Code/HighLevelCode/ros_ws/install/lds01_driver/share/lds01_driver/package.xml
[0.788s] Invoked command in '/home/andrey/Documents/RobotParts/Code/HighLevelCode/ros_ws/build/lds01_driver' returned '0': CMAKE_PREFIX_PATH=${CMAKE_PREFIX_PATH}:/opt/ros/jazzy DEBUGINFOD_URLS=https://debuginfod.ubuntu.com /usr/bin/cmake --install /home/andrey/Documents/RobotParts/Code/HighLevelCode/ros_ws/build/lds01_driver
