[0.059s] Invoking command in '/home/andrey/Documents/RobotParts/Code/HighLevelCode/ros_ws/build/lds01_driver': CMAKE_PREFIX_PATH=${CMAKE_PREFIX_PATH}:/opt/ros/jazzy DEBUGINFOD_URLS=https://debuginfod.ubuntu.com /usr/bin/cmake --build /home/andrey/Documents/RobotParts/Code/HighLevelCode/ros_ws/build/lds01_driver -- -j4 -l4
[0.386s] [ 66%] Built target parser_lib
[0.607s] [ 83%] [32mBuilding CXX object CMakeFiles/lidar_node.dir/src/lidar_node.cpp.o[0m
[20.586s] [100%] [32m[1mLinking CXX executable lidar_node[0m
[21.721s] [100%] Built target lidar_node
[21.780s] Invoked command in '/home/andrey/Documents/RobotParts/Code/HighLevelCode/ros_ws/build/lds01_driver' returned '0': CMAKE_PREFIX_PATH=${CMAKE_PREFIX_PATH}:/opt/ros/jazzy DEBUGINFOD_URLS=https://debuginfod.ubuntu.com /usr/bin/cmake --build /home/andrey/Documents/RobotParts/Code/HighLevelCode/ros_ws/build/lds01_driver -- -j4 -l4
[21.838s] Invoking command in '/home/andrey/Documents/RobotParts/Code/HighLevelCode/ros_ws/build/lds01_driver': CMAKE_PREFIX_PATH=${CMAKE_PREFIX_PATH}:/opt/ros/jazzy DEBUGINFOD_URLS=https://debuginfod.ubuntu.com /usr/bin/cmake --install /home/andrey/Documents/RobotParts/Code/HighLevelCode/ros_ws/build/lds01_driver
[21.882s] -- Install configuration: ""
[21.884s] -- Installing: /home/andrey/Documents/RobotParts/Code/HighLevelCode/ros_ws/install/lds01_driver/lib/lds01_driver/lidar_node
[21.899s] -- Set non-toolchain portion of runtime path of "/home/andrey/Documents/RobotParts/Code/HighLevelCode/ros_ws/install/lds01_driver/lib/lds01_driver/lidar_node" to ""
[21.899s] -- Up-to-date: /home/andrey/Documents/RobotParts/Code/HighLevelCode/ros_ws/install/lds01_driver/lib/lds01_driver/libparser_lib.a
[21.900s] -- Up-to-date: /home/andrey/Documents/RobotParts/Code/HighLevelCode/ros_ws/install/lds01_driver/include/lds01_driver
[21.900s] -- Up-to-date: /home/andrey/Documents/RobotParts/Code/HighLevelCode/ros_ws/install/lds01_driver/include/lds01_driver/lds01_driver
[21.901s] -- Up-to-date: /home/andrey/Documents/RobotParts/Code/HighLevelCode/ros_ws/install/lds01_driver/include/lds01_driver/lds01_driver/parser.h
[21.901s] -- Up-to-date: /home/andrey/Documents/RobotParts/Code/HighLevelCode/ros_ws/install/lds01_driver/include/lds01_driver/lds01_driver/serial.h
[21.902s] -- Up-to-date: /home/andrey/Documents/RobotParts/Code/HighLevelCode/ros_ws/install/lds01_driver/include/lds01_driver/lds01_driver/gpio.h
[21.903s] -- Up-to-date: /home/andrey/Documents/RobotParts/Code/HighLevelCode/ros_ws/install/lds01_driver/share/lds01_driver
[21.903s] -- Up-to-date: /home/andrey/Documents/RobotParts/Code/HighLevelCode/ros_ws/install/lds01_driver/share/lds01_driver/.keep
[21.904s] -- Up-to-date: /home/andrey/Documents/RobotParts/Code/HighLevelCode/ros_ws/install/lds01_driver/share/lds01_driver/environment/library_path.sh
[21.904s] -- Up-to-date: /home/andrey/Documents/RobotParts/Code/HighLevelCode/ros_ws/install/lds01_driver/share/lds01_driver/environment/library_path.dsv
[21.905s] -- Up-to-date: /home/andrey/Documents/RobotParts/Code/HighLevelCode/ros_ws/install/lds01_driver/share/ament_index/resource_index/package_run_dependencies/lds01_driver
[21.906s] -- Up-to-date: /home/andrey/Documents/RobotParts/Code/HighLevelCode/ros_ws/install/lds01_driver/share/ament_index/resource_index/parent_prefix_path/lds01_driver
[21.906s] -- Up-to-date: /home/andrey/Documents/RobotParts/Code/HighLevelCode/ros_ws/install/lds01_driver/share/lds01_driver/environment/ament_prefix_path.sh
[21.907s] -- Up-to-date: /home/andrey/Documents/RobotParts/Code/HighLevelCode/ros_ws/install/lds01_driver/share/lds01_driver/environment/ament_prefix_path.dsv
[21.907s] -- Up-to-date: /home/andrey/Documents/RobotParts/Code/HighLevelCode/ros_ws/install/lds01_driver/share/lds01_driver/environment/path.sh
[21.908s] -- Up-to-date: /home/andrey/Documents/RobotParts/Code/HighLevelCode/ros_ws/install/lds01_driver/share/lds01_driver/environment/path.dsv
[21.908s] -- Up-to-date: /home/andrey/Documents/RobotParts/Code/HighLevelCode/ros_ws/install/lds01_driver/share/lds01_driver/local_setup.bash
[21.909s] -- Up-to-date: /home/andrey/Documents/RobotParts/Code/HighLevelCode/ros_ws/install/lds01_driver/share/lds01_driver/local_setup.sh
[21.909s] -- Up-to-date: /home/andrey/Documents/RobotParts/Code/HighLevelCode/ros_ws/install/lds01_driver/share/lds01_driver/local_setup.zsh
[21.910s] -- Up-to-date: /home/andrey/Documents/RobotParts/Code/HighLevelCode/ros_ws/install/lds01_driver/share/lds01_driver/local_setup.dsv
[21.910s] -- Installing: /home/andrey/Documents/RobotParts/Code/HighLevelCode/ros_ws/install/lds01_driver/share/lds01_driver/package.dsv
[21.911s] -- Up-to-date: /home/andrey/Documents/RobotParts/Code/HighLevelCode/ros_ws/install/lds01_driver/share/ament_index/resource_index/packages/lds01_driver
[21.911s] -- Up-to-date: /home/andrey/Documents/RobotParts/Code/HighLevelCode/ros_ws/install/lds01_driver/share/lds01_driver/cmake/ament_cmake_export_include_directories-extras.cmake
[21.912s] -- Up-to-date: /home/andrey/Documents/RobotParts/Code/HighLevelCode/ros_ws/install/lds01_driver/share/lds01_driver/cmake/ament_cmake_export_libraries-extras.cmake
[21.912s] -- Up-to-date: /home/andrey/Documents/RobotParts/Code/HighLevelCode/ros_ws/install/lds01_driver/share/lds01_driver/cmake/lds01_driverConfig.cmake
[21.913s] -- Up-to-date: /home/andrey/Documents/RobotParts/Code/HighLevelCode/ros_ws/install/lds01_driver/share/lds01_driver/cmake/lds01_driverConfig-version.cmake
[21.914s] -- Up-to-date: /home/andrey/Documents/RobotParts/Code/HighLevelCode/ros_ws/install/lds01_driver/share/lds01_driver/package.xml
[21.919s] Invoked command in '/home/andrey/Documents/RobotParts/Code/HighLevelCode/ros_ws/build/lds01_driver' returned '0': CMAKE_PREFIX_PATH=${CMAKE_PREFIX_PATH}:/opt/ros/jazzy DEBUGINFOD_URLS=https://debuginfod.ubuntu.com /usr/bin/cmake --install /home/andrey/Documents/RobotParts/Code/HighLevelCode/ros_ws/build/lds01_driver
