[0.485s] DEBUG:colcon:Command line arguments: ['/usr/bin/colcon', 'build', '--packages-select', 'lds01_driver']
[0.486s] DEBUG:colcon:Parsed command line arguments: Namespace(log_base=None, log_level=None, verb_name='build', build_base='build', install_base='install', merge_install=False, symlink_install=False, test_result_base=None, continue_on_error=False, executor='parallel', parallel_workers=4, event_handlers=None, ignore_user_meta=False, metas=['./colcon.meta'], base_paths=['.'], packages_ignore=None, packages_ignore_regex=None, paths=None, packages_up_to=None, packages_up_to_regex=None, packages_above=None, packages_above_and_dependencies=None, packages_above_depth=None, packages_select_by_dep=None, packages_skip_by_dep=None, packages_skip_up_to=None, packages_select_build_failed=False, packages_skip_build_finished=False, packages_select_test_failures=False, packages_skip_test_passed=False, packages_select=['lds01_driver'], packages_skip=None, packages_select_regex=None, packages_skip_regex=None, packages_start=None, packages_end=None, allow_overriding=[], cmake_args=None, cmake_target=None, cmake_target_skip_unavailable=False, cmake_clean_cache=False, cmake_clean_first=False, cmake_force_configure=False, ament_cmake_args=None, catkin_cmake_args=None, catkin_skip_building_tests=False, mixin_files=None, mixin=None, verb_parser=<colcon_mixin.mixin.mixin_argument.MixinArgumentDecorator object at 0xffff80c29010>, verb_extension=<colcon_core.verb.build.BuildVerb object at 0xffff80de65a0>, main=<bound method BuildVerb.main of <colcon_core.verb.build.BuildVerb object at 0xffff80de65a0>>, mixin_verb=('build',))
[0.683s] Level 1:colcon.colcon_core.package_discovery:discover_packages(colcon_meta) check parameters
[0.683s] Level 1:colcon.colcon_core.package_discovery:discover_packages(recursive) check parameters
[0.684s] Level 1:colcon.colcon_core.package_discovery:discover_packages(ignore) check parameters
[0.684s] Level 1:colcon.colcon_core.package_discovery:discover_packages(path) check parameters
[0.684s] Level 1:colcon.colcon_core.package_discovery:discover_packages(colcon_meta) discover
[0.684s] Level 1:colcon.colcon_core.package_discovery:discover_packages(recursive) discover
[0.684s] INFO:colcon.colcon_core.package_discovery:Crawling recursively for packages in '/home/andrey/Documents/RobotParts/Code/HighLevelCode/ros_ws'
[0.685s] Level 1:colcon.colcon_core.package_identification:_identify(.) by extensions ['ignore', 'ignore_ament_install']
[0.685s] Level 1:colcon.colcon_core.package_identification:_identify(.) by extension 'ignore'
[0.685s] Level 1:colcon.colcon_core.package_identification:_identify(.) by extension 'ignore_ament_install'
[0.686s] Level 1:colcon.colcon_core.package_identification:_identify(.) by extensions ['colcon_pkg']
[0.686s] Level 1:colcon.colcon_core.package_identification:_identify(.) by extension 'colcon_pkg'
[0.686s] Level 1:colcon.colcon_core.package_identification:_identify(.) by extensions ['colcon_meta']
[0.686s] Level 1:colcon.colcon_core.package_identification:_identify(.) by extension 'colcon_meta'
[0.686s] Level 1:colcon.colcon_core.package_identification:_identify(.) by extensions ['ros']
[0.686s] Level 1:colcon.colcon_core.package_identification:_identify(.) by extension 'ros'
[0.800s] Level 1:colcon.colcon_core.package_identification:_identify(.) by extensions ['cmake', 'python']
[0.800s] Level 1:colcon.colcon_core.package_identification:_identify(.) by extension 'cmake'
[0.801s] Level 1:colcon.colcon_core.package_identification:_identify(.) by extension 'python'
[0.801s] Level 1:colcon.colcon_core.package_identification:_identify(.) by extensions ['python_setup_py']
[0.801s] Level 1:colcon.colcon_core.package_identification:_identify(.) by extension 'python_setup_py'
[0.801s] Level 1:colcon.colcon_core.package_identification:_identify(build) by extensions ['ignore', 'ignore_ament_install']
[0.802s] Level 1:colcon.colcon_core.package_identification:_identify(build) by extension 'ignore'
[0.802s] Level 1:colcon.colcon_core.package_identification:_identify(build) ignored
[0.802s] Level 1:colcon.colcon_core.package_identification:_identify(install) by extensions ['ignore', 'ignore_ament_install']
[0.803s] Level 1:colcon.colcon_core.package_identification:_identify(install) by extension 'ignore'
[0.803s] Level 1:colcon.colcon_core.package_identification:_identify(install) ignored
[0.804s] Level 1:colcon.colcon_core.package_identification:_identify(log) by extensions ['ignore', 'ignore_ament_install']
[0.804s] Level 1:colcon.colcon_core.package_identification:_identify(log) by extension 'ignore'
[0.804s] Level 1:colcon.colcon_core.package_identification:_identify(log) ignored
[0.804s] Level 1:colcon.colcon_core.package_identification:_identify(src) by extensions ['ignore', 'ignore_ament_install']
[0.805s] Level 1:colcon.colcon_core.package_identification:_identify(src) by extension 'ignore'
[0.805s] Level 1:colcon.colcon_core.package_identification:_identify(src) by extension 'ignore_ament_install'
[0.805s] Level 1:colcon.colcon_core.package_identification:_identify(src) by extensions ['colcon_pkg']
[0.805s] Level 1:colcon.colcon_core.package_identification:_identify(src) by extension 'colcon_pkg'
[0.805s] Level 1:colcon.colcon_core.package_identification:_identify(src) by extensions ['colcon_meta']
[0.806s] Level 1:colcon.colcon_core.package_identification:_identify(src) by extension 'colcon_meta'
[0.806s] Level 1:colcon.colcon_core.package_identification:_identify(src) by extensions ['ros']
[0.806s] Level 1:colcon.colcon_core.package_identification:_identify(src) by extension 'ros'
[0.806s] Level 1:colcon.colcon_core.package_identification:_identify(src) by extensions ['cmake', 'python']
[0.806s] Level 1:colcon.colcon_core.package_identification:_identify(src) by extension 'cmake'
[0.806s] Level 1:colcon.colcon_core.package_identification:_identify(src) by extension 'python'
[0.807s] Level 1:colcon.colcon_core.package_identification:_identify(src) by extensions ['python_setup_py']
[0.807s] Level 1:colcon.colcon_core.package_identification:_identify(src) by extension 'python_setup_py'
[0.807s] Level 1:colcon.colcon_core.package_identification:_identify(src/lds01_driver) by extensions ['ignore', 'ignore_ament_install']
[0.808s] Level 1:colcon.colcon_core.package_identification:_identify(src/lds01_driver) by extension 'ignore'
[0.808s] Level 1:colcon.colcon_core.package_identification:_identify(src/lds01_driver) by extension 'ignore_ament_install'
[0.808s] Level 1:colcon.colcon_core.package_identification:_identify(src/lds01_driver) by extensions ['colcon_pkg']
[0.808s] Level 1:colcon.colcon_core.package_identification:_identify(src/lds01_driver) by extension 'colcon_pkg'
[0.808s] Level 1:colcon.colcon_core.package_identification:_identify(src/lds01_driver) by extensions ['colcon_meta']
[0.808s] Level 1:colcon.colcon_core.package_identification:_identify(src/lds01_driver) by extension 'colcon_meta'
[0.809s] Level 1:colcon.colcon_core.package_identification:_identify(src/lds01_driver) by extensions ['ros']
[0.809s] Level 1:colcon.colcon_core.package_identification:_identify(src/lds01_driver) by extension 'ros'
[0.818s] DEBUG:colcon.colcon_core.package_identification:Package 'src/lds01_driver' with type 'ros.ament_cmake' and name 'lds01_driver'
[0.818s] Level 1:colcon.colcon_core.package_discovery:discover_packages(recursive) using defaults
[0.819s] Level 1:colcon.colcon_core.package_discovery:discover_packages(ignore) discover
[0.819s] Level 1:colcon.colcon_core.package_discovery:discover_packages(ignore) using defaults
[0.819s] Level 1:colcon.colcon_core.package_discovery:discover_packages(path) discover
[0.819s] Level 1:colcon.colcon_core.package_discovery:discover_packages(path) using defaults
[0.890s] Level 1:colcon.colcon_core.package_discovery:discover_packages(prefix_path) check parameters
[0.890s] Level 1:colcon.colcon_core.package_discovery:discover_packages(prefix_path) discover
[0.899s] DEBUG:colcon.colcon_installed_package_information.package_discovery:Found 1 installed packages in /home/andrey/Documents/RobotParts/Code/HighLevelCode/ros_ws/install
[0.909s] DEBUG:colcon.colcon_installed_package_information.package_discovery:Found 285 installed packages in /opt/ros/jazzy
[0.913s] Level 1:colcon.colcon_core.package_discovery:discover_packages(prefix_path) using defaults
[1.120s] Level 5:colcon.colcon_core.verb:set package 'lds01_driver' build argument 'cmake_args' from command line to 'None'
[1.120s] Level 5:colcon.colcon_core.verb:set package 'lds01_driver' build argument 'cmake_target' from command line to 'None'
[1.120s] Level 5:colcon.colcon_core.verb:set package 'lds01_driver' build argument 'cmake_target_skip_unavailable' from command line to 'False'
[1.120s] Level 5:colcon.colcon_core.verb:set package 'lds01_driver' build argument 'cmake_clean_cache' from command line to 'False'
[1.120s] Level 5:colcon.colcon_core.verb:set package 'lds01_driver' build argument 'cmake_clean_first' from command line to 'False'
[1.120s] Level 5:colcon.colcon_core.verb:set package 'lds01_driver' build argument 'cmake_force_configure' from command line to 'False'
[1.120s] Level 5:colcon.colcon_core.verb:set package 'lds01_driver' build argument 'ament_cmake_args' from command line to 'None'
[1.121s] Level 5:colcon.colcon_core.verb:set package 'lds01_driver' build argument 'catkin_cmake_args' from command line to 'None'
[1.121s] Level 5:colcon.colcon_core.verb:set package 'lds01_driver' build argument 'catkin_skip_building_tests' from command line to 'False'
[1.121s] DEBUG:colcon.colcon_core.verb:Building package 'lds01_driver' with the following arguments: {'ament_cmake_args': None, 'build_base': '/home/andrey/Documents/RobotParts/Code/HighLevelCode/ros_ws/build/lds01_driver', 'catkin_cmake_args': None, 'catkin_skip_building_tests': False, 'cmake_args': None, 'cmake_clean_cache': False, 'cmake_clean_first': False, 'cmake_force_configure': False, 'cmake_target': None, 'cmake_target_skip_unavailable': False, 'install_base': '/home/andrey/Documents/RobotParts/Code/HighLevelCode/ros_ws/install/lds01_driver', 'merge_install': False, 'path': '/home/andrey/Documents/RobotParts/Code/HighLevelCode/ros_ws/src/lds01_driver', 'symlink_install': False, 'test_result_base': None}
[1.121s] INFO:colcon.colcon_core.executor:Executing jobs using 'parallel' executor
[1.125s] DEBUG:colcon.colcon_parallel_executor.executor.parallel:run_until_complete
[1.126s] INFO:colcon.colcon_ros.task.ament_cmake.build:Building ROS package in '/home/andrey/Documents/RobotParts/Code/HighLevelCode/ros_ws/src/lds01_driver' with build type 'ament_cmake'
[1.126s] INFO:colcon.colcon_cmake.task.cmake.build:Building CMake package in '/home/andrey/Documents/RobotParts/Code/HighLevelCode/ros_ws/src/lds01_driver'
[1.134s] INFO:colcon.colcon_core.plugin_system:Skipping extension 'colcon_core.shell.bat': Not used on non-Windows systems
[1.135s] INFO:colcon.colcon_core.shell:Skip shell extension 'powershell' for command environment: Not usable outside of PowerShell
[1.135s] DEBUG:colcon.colcon_core.shell:Skip shell extension 'dsv' for command environment
[1.185s] DEBUG:colcon.colcon_core.event_handler.log_command:Invoking command in '/home/andrey/Documents/RobotParts/Code/HighLevelCode/ros_ws/build/lds01_driver': CMAKE_PREFIX_PATH=${CMAKE_PREFIX_PATH}:/opt/ros/jazzy DEBUGINFOD_URLS=https://debuginfod.ubuntu.com /usr/bin/cmake --build /home/andrey/Documents/RobotParts/Code/HighLevelCode/ros_ws/build/lds01_driver -- -j4 -l4
[30.038s] DEBUG:colcon.colcon_core.event_handler.log_command:Invoked command in '/home/andrey/Documents/RobotParts/Code/HighLevelCode/ros_ws/build/lds01_driver' returned '0': CMAKE_PREFIX_PATH=${CMAKE_PREFIX_PATH}:/opt/ros/jazzy DEBUGINFOD_URLS=https://debuginfod.ubuntu.com /usr/bin/cmake --build /home/andrey/Documents/RobotParts/Code/HighLevelCode/ros_ws/build/lds01_driver -- -j4 -l4
[30.100s] DEBUG:colcon.colcon_core.event_handler.log_command:Invoking command in '/home/andrey/Documents/RobotParts/Code/HighLevelCode/ros_ws/build/lds01_driver': CMAKE_PREFIX_PATH=${CMAKE_PREFIX_PATH}:/opt/ros/jazzy DEBUGINFOD_URLS=https://debuginfod.ubuntu.com /usr/bin/cmake --install /home/andrey/Documents/RobotParts/Code/HighLevelCode/ros_ws/build/lds01_driver
[30.185s] Level 1:colcon.colcon_core.environment:create_environment_scripts_only(lds01_driver)
[30.187s] DEBUG:colcon.colcon_core.event_handler.log_command:Invoked command in '/home/andrey/Documents/RobotParts/Code/HighLevelCode/ros_ws/build/lds01_driver' returned '0': CMAKE_PREFIX_PATH=${CMAKE_PREFIX_PATH}:/opt/ros/jazzy DEBUGINFOD_URLS=https://debuginfod.ubuntu.com /usr/bin/cmake --install /home/andrey/Documents/RobotParts/Code/HighLevelCode/ros_ws/build/lds01_driver
[30.197s] Level 1:colcon.colcon_core.environment:checking '/home/andrey/Documents/RobotParts/Code/HighLevelCode/ros_ws/install/lds01_driver' for CMake module files
[30.203s] Level 1:colcon.colcon_core.environment:checking '/home/andrey/Documents/RobotParts/Code/HighLevelCode/ros_ws/install/lds01_driver' for CMake config files
[30.205s] Level 1:colcon.colcon_core.shell:create_environment_hook('lds01_driver', 'cmake_prefix_path')
[30.206s] INFO:colcon.colcon_core.shell:Creating environment hook '/home/andrey/Documents/RobotParts/Code/HighLevelCode/ros_ws/install/lds01_driver/share/lds01_driver/hook/cmake_prefix_path.ps1'
[30.209s] INFO:colcon.colcon_core.shell:Creating environment descriptor '/home/andrey/Documents/RobotParts/Code/HighLevelCode/ros_ws/install/lds01_driver/share/lds01_driver/hook/cmake_prefix_path.dsv'
[30.212s] INFO:colcon.colcon_core.shell:Creating environment hook '/home/andrey/Documents/RobotParts/Code/HighLevelCode/ros_ws/install/lds01_driver/share/lds01_driver/hook/cmake_prefix_path.sh'
[30.216s] Level 1:colcon.colcon_core.environment:checking '/home/andrey/Documents/RobotParts/Code/HighLevelCode/ros_ws/install/lds01_driver/lib'
[30.217s] Level 1:colcon.colcon_core.environment:checking '/home/andrey/Documents/RobotParts/Code/HighLevelCode/ros_ws/install/lds01_driver/bin'
[30.217s] Level 1:colcon.colcon_core.environment:checking '/home/andrey/Documents/RobotParts/Code/HighLevelCode/ros_ws/install/lds01_driver/lib/pkgconfig/lds01_driver.pc'
[30.218s] Level 1:colcon.colcon_core.environment:checking '/home/andrey/Documents/RobotParts/Code/HighLevelCode/ros_ws/install/lds01_driver/lib/python3.12/site-packages'
[30.219s] Level 1:colcon.colcon_core.environment:checking '/home/andrey/Documents/RobotParts/Code/HighLevelCode/ros_ws/install/lds01_driver/bin'
[30.220s] INFO:colcon.colcon_core.shell:Creating package script '/home/andrey/Documents/RobotParts/Code/HighLevelCode/ros_ws/install/lds01_driver/share/lds01_driver/package.ps1'
[30.223s] INFO:colcon.colcon_core.shell:Creating package descriptor '/home/andrey/Documents/RobotParts/Code/HighLevelCode/ros_ws/install/lds01_driver/share/lds01_driver/package.dsv'
[30.227s] INFO:colcon.colcon_core.shell:Creating package script '/home/andrey/Documents/RobotParts/Code/HighLevelCode/ros_ws/install/lds01_driver/share/lds01_driver/package.sh'
[30.231s] INFO:colcon.colcon_core.shell:Creating package script '/home/andrey/Documents/RobotParts/Code/HighLevelCode/ros_ws/install/lds01_driver/share/lds01_driver/package.bash'
[30.235s] INFO:colcon.colcon_core.shell:Creating package script '/home/andrey/Documents/RobotParts/Code/HighLevelCode/ros_ws/install/lds01_driver/share/lds01_driver/package.zsh'
[30.238s] Level 1:colcon.colcon_core.environment:create_file_with_runtime_dependencies(/home/andrey/Documents/RobotParts/Code/HighLevelCode/ros_ws/install/lds01_driver/share/colcon-core/packages/lds01_driver)
[30.242s] Level 1:colcon.colcon_core.environment:create_environment_scripts_only(lds01_driver)
[30.243s] Level 1:colcon.colcon_core.environment:checking '/home/andrey/Documents/RobotParts/Code/HighLevelCode/ros_ws/install/lds01_driver' for CMake module files
[30.247s] Level 1:colcon.colcon_core.environment:checking '/home/andrey/Documents/RobotParts/Code/HighLevelCode/ros_ws/install/lds01_driver' for CMake config files
[30.248s] Level 1:colcon.colcon_core.shell:create_environment_hook('lds01_driver', 'cmake_prefix_path')
[30.249s] INFO:colcon.colcon_core.shell:Creating environment hook '/home/andrey/Documents/RobotParts/Code/HighLevelCode/ros_ws/install/lds01_driver/share/lds01_driver/hook/cmake_prefix_path.ps1'
[30.252s] INFO:colcon.colcon_core.shell:Creating environment descriptor '/home/andrey/Documents/RobotParts/Code/HighLevelCode/ros_ws/install/lds01_driver/share/lds01_driver/hook/cmake_prefix_path.dsv'
[30.255s] INFO:colcon.colcon_core.shell:Creating environment hook '/home/andrey/Documents/RobotParts/Code/HighLevelCode/ros_ws/install/lds01_driver/share/lds01_driver/hook/cmake_prefix_path.sh'
[30.259s] Level 1:colcon.colcon_core.environment:checking '/home/andrey/Documents/RobotParts/Code/HighLevelCode/ros_ws/install/lds01_driver/lib'
[30.260s] Level 1:colcon.colcon_core.environment:checking '/home/andrey/Documents/RobotParts/Code/HighLevelCode/ros_ws/install/lds01_driver/bin'
[30.261s] Level 1:colcon.colcon_core.environment:checking '/home/andrey/Documents/RobotParts/Code/HighLevelCode/ros_ws/install/lds01_driver/lib/pkgconfig/lds01_driver.pc'
[30.262s] Level 1:colcon.colcon_core.environment:checking '/home/andrey/Documents/RobotParts/Code/HighLevelCode/ros_ws/install/lds01_driver/lib/python3.12/site-packages'
[30.263s] Level 1:colcon.colcon_core.environment:checking '/home/andrey/Documents/RobotParts/Code/HighLevelCode/ros_ws/install/lds01_driver/bin'
[30.264s] INFO:colcon.colcon_core.shell:Creating package script '/home/andrey/Documents/RobotParts/Code/HighLevelCode/ros_ws/install/lds01_driver/share/lds01_driver/package.ps1'
[30.267s] INFO:colcon.colcon_core.shell:Creating package descriptor '/home/andrey/Documents/RobotParts/Code/HighLevelCode/ros_ws/install/lds01_driver/share/lds01_driver/package.dsv'
[30.270s] INFO:colcon.colcon_core.shell:Creating package script '/home/andrey/Documents/RobotParts/Code/HighLevelCode/ros_ws/install/lds01_driver/share/lds01_driver/package.sh'
[30.278s] INFO:colcon.colcon_core.shell:Creating package script '/home/andrey/Documents/RobotParts/Code/HighLevelCode/ros_ws/install/lds01_driver/share/lds01_driver/package.bash'
[30.283s] INFO:colcon.colcon_core.shell:Creating package script '/home/andrey/Documents/RobotParts/Code/HighLevelCode/ros_ws/install/lds01_driver/share/lds01_driver/package.zsh'
[30.287s] Level 1:colcon.colcon_core.environment:create_file_with_runtime_dependencies(/home/andrey/Documents/RobotParts/Code/HighLevelCode/ros_ws/install/lds01_driver/share/colcon-core/packages/lds01_driver)
[30.289s] DEBUG:colcon.colcon_parallel_executor.executor.parallel:closing loop
[30.291s] DEBUG:colcon.colcon_parallel_executor.executor.parallel:loop closed
[30.292s] DEBUG:colcon.colcon_parallel_executor.executor.parallel:run_until_complete finished with '0'
[30.293s] DEBUG:colcon.colcon_core.event_reactor:joining thread
[30.326s] INFO:colcon.colcon_core.plugin_system:Skipping extension 'colcon_notification.desktop_notification.terminal_notifier': Not used on non-Darwin systems
[30.327s] INFO:colcon.colcon_core.plugin_system:Skipping extension 'colcon_notification.desktop_notification.win32': Not used on non-Windows systems
[30.328s] INFO:colcon.colcon_notification.desktop_notification:Sending desktop notification using 'notify2'
[30.416s] DEBUG:colcon.colcon_core.event_reactor:joined thread
[30.418s] INFO:colcon.colcon_core.shell:Creating prefix script '/home/andrey/Documents/RobotParts/Code/HighLevelCode/ros_ws/install/local_setup.ps1'
[30.426s] INFO:colcon.colcon_core.shell:Creating prefix util module '/home/andrey/Documents/RobotParts/Code/HighLevelCode/ros_ws/install/_local_setup_util_ps1.py'
[30.440s] INFO:colcon.colcon_core.shell:Creating prefix chain script '/home/andrey/Documents/RobotParts/Code/HighLevelCode/ros_ws/install/setup.ps1'
[30.449s] INFO:colcon.colcon_core.shell:Creating prefix script '/home/andrey/Documents/RobotParts/Code/HighLevelCode/ros_ws/install/local_setup.sh'
[30.456s] INFO:colcon.colcon_core.shell:Creating prefix util module '/home/andrey/Documents/RobotParts/Code/HighLevelCode/ros_ws/install/_local_setup_util_sh.py'
[30.463s] INFO:colcon.colcon_core.shell:Creating prefix chain script '/home/andrey/Documents/RobotParts/Code/HighLevelCode/ros_ws/install/setup.sh'
[30.470s] INFO:colcon.colcon_core.shell:Creating prefix script '/home/andrey/Documents/RobotParts/Code/HighLevelCode/ros_ws/install/local_setup.bash'
[30.473s] INFO:colcon.colcon_core.shell:Creating prefix chain script '/home/andrey/Documents/RobotParts/Code/HighLevelCode/ros_ws/install/setup.bash'
[30.479s] INFO:colcon.colcon_core.shell:Creating prefix script '/home/andrey/Documents/RobotParts/Code/HighLevelCode/ros_ws/install/local_setup.zsh'
[30.487s] INFO:colcon.colcon_core.shell:Creating prefix chain script '/home/andrey/Documents/RobotParts/Code/HighLevelCode/ros_ws/install/setup.zsh'
