-- Found ament_cmake: 2.5.4 (/opt/ros/jazzy/share/ament_cmake/cmake)
-- Found rclcpp: 28.1.10 (/opt/ros/jazzy/share/rclcpp/cmake)
-- Found rosidl_generator_c: 4.6.5 (/opt/ros/jazzy/share/rosidl_generator_c/cmake)
-- Found rosidl_generator_cpp: 4.6.5 (/opt/ros/jazzy/share/rosidl_generator_cpp/cmake)
-- Using all available rosidl_typesupport_c: rosidl_typesupport_fastrtps_c;rosidl_typesupport_introspection_c
-- Using all available rosidl_typesupport_cpp: rosidl_typesupport_fastrtps_cpp;rosidl_typesupport_introspection_cpp
-- Found rmw_implementation_cmake: 7.3.2 (/opt/ros/jazzy/share/rmw_implementation_cmake/cmake)
-- Found rmw_fastrtps_cpp: 8.4.2 (/opt/ros/jazzy/share/rmw_fastrtps_cpp/cmake)
-- Using RMW implementation 'rmw_fastrtps_cpp' as default
-- Found sensor_msgs: 5.3.6 (/opt/ros/jazzy/share/sensor_msgs/cmake)
-- Found ament_lint_auto: 0.17.2 (/opt/ros/jazzy/share/ament_lint_auto/cmake)
-- Added test 'cppcheck' to perform static code analysis on C / C++ code
-- Configured cppcheck include dirs: /home/andrey/Documents/RobotParts/Code/HighLevelCode/ros_ws/src/lds01_driver/include
-- Configured cppcheck exclude dirs and/or files: 
-- Added test 'lint_cmake' to check CMake code style
-- Added test 'uncrustify' to check C / C++ code style
-- Configured uncrustify additional arguments: 
-- Added test 'xmllint' to check XML markup files
-- Configuring done (3.0s)
-- Generating done (0.1s)
-- Build files have been written to: /home/andrey/Documents/RobotParts/Code/HighLevelCode/ros_ws/build/lds01_driver
[ 16%] [32mBuilding C object CMakeFiles/parser_lib.dir/src/parser.c.o[0m
[ 33%] [32mBuilding C object CMakeFiles/parser_lib.dir/src/serial.c.o[0m
[ 50%] [32mBuilding C object CMakeFiles/parser_lib.dir/src/gpio.c.o[0m
[ 66%] [32m[1mLinking C static library libparser_lib.a[0m
[ 66%] Built target parser_lib
[ 83%] [32mBuilding CXX object CMakeFiles/lidar_node.dir/src/lidar_node.cpp.o[0m
[100%] [32m[1mLinking CXX executable lidar_node[0m
[100%] Built target lidar_node
-- Install configuration: ""
-- Installing: /home/andrey/Documents/RobotParts/Code/HighLevelCode/ros_ws/install/lds01_driver/lib/lds01_driver/lidar_node
-- Set non-toolchain portion of runtime path of "/home/andrey/Documents/RobotParts/Code/HighLevelCode/ros_ws/install/lds01_driver/lib/lds01_driver/lidar_node" to ""
-- Installing: /home/andrey/Documents/RobotParts/Code/HighLevelCode/ros_ws/install/lds01_driver/lib/lds01_driver/libparser_lib.a
-- Up-to-date: /home/andrey/Documents/RobotParts/Code/HighLevelCode/ros_ws/install/lds01_driver/include/lds01_driver
-- Up-to-date: /home/andrey/Documents/RobotParts/Code/HighLevelCode/ros_ws/install/lds01_driver/include/lds01_driver/lds01_driver
-- Up-to-date: /home/andrey/Documents/RobotParts/Code/HighLevelCode/ros_ws/install/lds01_driver/include/lds01_driver/lds01_driver/parser.h
-- Up-to-date: /home/andrey/Documents/RobotParts/Code/HighLevelCode/ros_ws/install/lds01_driver/include/lds01_driver/lds01_driver/serial.h
-- Installing: /home/andrey/Documents/RobotParts/Code/HighLevelCode/ros_ws/install/lds01_driver/include/lds01_driver/lds01_driver/gpio.h
-- Up-to-date: /home/andrey/Documents/RobotParts/Code/HighLevelCode/ros_ws/install/lds01_driver/share/lds01_driver
-- Up-to-date: /home/andrey/Documents/RobotParts/Code/HighLevelCode/ros_ws/install/lds01_driver/share/lds01_driver/.keep
-- Up-to-date: /home/andrey/Documents/RobotParts/Code/HighLevelCode/ros_ws/install/lds01_driver/share/lds01_driver/environment/library_path.sh
-- Up-to-date: /home/andrey/Documents/RobotParts/Code/HighLevelCode/ros_ws/install/lds01_driver/share/lds01_driver/environment/library_path.dsv
-- Up-to-date: /home/andrey/Documents/RobotParts/Code/HighLevelCode/ros_ws/install/lds01_driver/share/ament_index/resource_index/package_run_dependencies/lds01_driver
-- Installing: /home/andrey/Documents/RobotParts/Code/HighLevelCode/ros_ws/install/lds01_driver/share/ament_index/resource_index/parent_prefix_path/lds01_driver
-- Up-to-date: /home/andrey/Documents/RobotParts/Code/HighLevelCode/ros_ws/install/lds01_driver/share/lds01_driver/environment/ament_prefix_path.sh
-- Up-to-date: /home/andrey/Documents/RobotParts/Code/HighLevelCode/ros_ws/install/lds01_driver/share/lds01_driver/environment/ament_prefix_path.dsv
-- Up-to-date: /home/andrey/Documents/RobotParts/Code/HighLevelCode/ros_ws/install/lds01_driver/share/lds01_driver/environment/path.sh
-- Up-to-date: /home/andrey/Documents/RobotParts/Code/HighLevelCode/ros_ws/install/lds01_driver/share/lds01_driver/environment/path.dsv
-- Up-to-date: /home/andrey/Documents/RobotParts/Code/HighLevelCode/ros_ws/install/lds01_driver/share/lds01_driver/local_setup.bash
-- Up-to-date: /home/andrey/Documents/RobotParts/Code/HighLevelCode/ros_ws/install/lds01_driver/share/lds01_driver/local_setup.sh
-- Up-to-date: /home/andrey/Documents/RobotParts/Code/HighLevelCode/ros_ws/install/lds01_driver/share/lds01_driver/local_setup.zsh
-- Up-to-date: /home/andrey/Documents/RobotParts/Code/HighLevelCode/ros_ws/install/lds01_driver/share/lds01_driver/local_setup.dsv
-- Installing: /home/andrey/Documents/RobotParts/Code/HighLevelCode/ros_ws/install/lds01_driver/share/lds01_driver/package.dsv
-- Up-to-date: /home/andrey/Documents/RobotParts/Code/HighLevelCode/ros_ws/install/lds01_driver/share/ament_index/resource_index/packages/lds01_driver
-- Up-to-date: /home/andrey/Documents/RobotParts/Code/HighLevelCode/ros_ws/install/lds01_driver/share/lds01_driver/cmake/ament_cmake_export_include_directories-extras.cmake
-- Up-to-date: /home/andrey/Documents/RobotParts/Code/HighLevelCode/ros_ws/install/lds01_driver/share/lds01_driver/cmake/ament_cmake_export_libraries-extras.cmake
-- Up-to-date: /home/andrey/Documents/RobotParts/Code/HighLevelCode/ros_ws/install/lds01_driver/share/lds01_driver/cmake/lds01_driverConfig.cmake
-- Up-to-date: /home/andrey/Documents/RobotParts/Code/HighLevelCode/ros_ws/install/lds01_driver/share/lds01_driver/cmake/lds01_driverConfig-version.cmake
-- Up-to-date: /home/andrey/Documents/RobotParts/Code/HighLevelCode/ros_ws/install/lds01_driver/share/lds01_driver/package.xml
