[0.058s] Invoking command in '/home/andrey/Documents/RobotParts/Code/HighLevelCode/ros_ws/build/lds01_driver': CMAKE_PREFIX_PATH=${CMAKE_PREFIX_PATH}:/opt/ros/jazzy DEBUGINFOD_URLS=https://debuginfod.ubuntu.com /usr/bin/cmake --build /home/andrey/Documents/RobotParts/Code/HighLevelCode/ros_ws/build/lds01_driver -- -j4 -l4
[0.208s] -- Found ament_cmake: 2.5.4 (/opt/ros/jazzy/share/ament_cmake/cmake)
[1.322s] -- Found rclcpp: 28.1.10 (/opt/ros/jazzy/share/rclcpp/cmake)
[1.505s] -- Found rosidl_generator_c: 4.6.5 (/opt/ros/jazzy/share/rosidl_generator_c/cmake)
[1.545s] -- Found rosidl_generator_cpp: 4.6.5 (/opt/ros/jazzy/share/rosidl_generator_cpp/cmake)
[1.594s] -- Using all available rosidl_typesupport_c: rosidl_typesupport_fastrtps_c;rosidl_typesupport_introspection_c
[1.651s] -- Using all available rosidl_typesupport_cpp: rosidl_typesupport_fastrtps_cpp;rosidl_typesupport_introspection_cpp
[1.890s] -- Found rmw_implementation_cmake: 7.3.2 (/opt/ros/jazzy/share/rmw_implementation_cmake/cmake)
[1.896s] -- Found rmw_fastrtps_cpp: 8.4.2 (/opt/ros/jazzy/share/rmw_fastrtps_cpp/cmake)
[2.188s] -- Using RMW implementation 'rmw_fastrtps_cpp' as default
[2.422s] -- Found sensor_msgs: 5.3.6 (/opt/ros/jazzy/share/sensor_msgs/cmake)
[2.634s] -- Found ament_lint_auto: 0.17.2 (/opt/ros/jazzy/share/ament_lint_auto/cmake)
[3.159s] -- Added test 'cppcheck' to perform static code analysis on C / C++ code
[3.160s] -- Configured cppcheck include dirs: /home/andrey/Documents/RobotParts/Code/HighLevelCode/ros_ws/src/lds01_driver/include
[3.161s] -- Configured cppcheck exclude dirs and/or files: 
[3.169s] -- Added test 'lint_cmake' to check CMake code style
[3.183s] -- Added test 'uncrustify' to check C / C++ code style
[3.184s] -- Configured uncrustify additional arguments: 
[3.189s] -- Added test 'xmllint' to check XML markup files
[3.201s] -- Configuring done (3.0s)
[3.377s] -- Generating done (0.1s)
[3.410s] -- Build files have been written to: /home/andrey/Documents/RobotParts/Code/HighLevelCode/ros_ws/build/lds01_driver
[3.810s] [ 16%] [32mBuilding C object CMakeFiles/parser_lib.dir/src/parser.c.o[0m
[3.821s] [ 33%] [32mBuilding C object CMakeFiles/parser_lib.dir/src/serial.c.o[0m
[3.833s] [ 50%] [32mBuilding C object CMakeFiles/parser_lib.dir/src/gpio.c.o[0m
[4.779s] [ 66%] [32m[1mLinking C static library libparser_lib.a[0m
[4.995s] [ 66%] Built target parser_lib
[5.301s] [ 83%] [32mBuilding CXX object CMakeFiles/lidar_node.dir/src/lidar_node.cpp.o[0m
[27.483s] [100%] [32m[1mLinking CXX executable lidar_node[0m
[28.852s] [100%] Built target lidar_node
[28.912s] Invoked command in '/home/andrey/Documents/RobotParts/Code/HighLevelCode/ros_ws/build/lds01_driver' returned '0': CMAKE_PREFIX_PATH=${CMAKE_PREFIX_PATH}:/opt/ros/jazzy DEBUGINFOD_URLS=https://debuginfod.ubuntu.com /usr/bin/cmake --build /home/andrey/Documents/RobotParts/Code/HighLevelCode/ros_ws/build/lds01_driver -- -j4 -l4
[28.973s] Invoking command in '/home/andrey/Documents/RobotParts/Code/HighLevelCode/ros_ws/build/lds01_driver': CMAKE_PREFIX_PATH=${CMAKE_PREFIX_PATH}:/opt/ros/jazzy DEBUGINFOD_URLS=https://debuginfod.ubuntu.com /usr/bin/cmake --install /home/andrey/Documents/RobotParts/Code/HighLevelCode/ros_ws/build/lds01_driver
[29.017s] -- Install configuration: ""
[29.018s] -- Installing: /home/andrey/Documents/RobotParts/Code/HighLevelCode/ros_ws/install/lds01_driver/lib/lds01_driver/lidar_node
[29.032s] -- Set non-toolchain portion of runtime path of "/home/andrey/Documents/RobotParts/Code/HighLevelCode/ros_ws/install/lds01_driver/lib/lds01_driver/lidar_node" to ""
[29.032s] -- Installing: /home/andrey/Documents/RobotParts/Code/HighLevelCode/ros_ws/install/lds01_driver/lib/lds01_driver/libparser_lib.a
[29.034s] -- Up-to-date: /home/andrey/Documents/RobotParts/Code/HighLevelCode/ros_ws/install/lds01_driver/include/lds01_driver
[29.035s] -- Up-to-date: /home/andrey/Documents/RobotParts/Code/HighLevelCode/ros_ws/install/lds01_driver/include/lds01_driver/lds01_driver
[29.035s] -- Up-to-date: /home/andrey/Documents/RobotParts/Code/HighLevelCode/ros_ws/install/lds01_driver/include/lds01_driver/lds01_driver/parser.h
[29.036s] -- Up-to-date: /home/andrey/Documents/RobotParts/Code/HighLevelCode/ros_ws/install/lds01_driver/include/lds01_driver/lds01_driver/serial.h
[29.036s] -- Installing: /home/andrey/Documents/RobotParts/Code/HighLevelCode/ros_ws/install/lds01_driver/include/lds01_driver/lds01_driver/gpio.h
[29.037s] -- Up-to-date: /home/andrey/Documents/RobotParts/Code/HighLevelCode/ros_ws/install/lds01_driver/share/lds01_driver
[29.038s] -- Up-to-date: /home/andrey/Documents/RobotParts/Code/HighLevelCode/ros_ws/install/lds01_driver/share/lds01_driver/.keep
[29.038s] -- Up-to-date: /home/andrey/Documents/RobotParts/Code/HighLevelCode/ros_ws/install/lds01_driver/share/lds01_driver/environment/library_path.sh
[29.039s] -- Up-to-date: /home/andrey/Documents/RobotParts/Code/HighLevelCode/ros_ws/install/lds01_driver/share/lds01_driver/environment/library_path.dsv
[29.039s] -- Up-to-date: /home/andrey/Documents/RobotParts/Code/HighLevelCode/ros_ws/install/lds01_driver/share/ament_index/resource_index/package_run_dependencies/lds01_driver
[29.040s] -- Installing: /home/andrey/Documents/RobotParts/Code/HighLevelCode/ros_ws/install/lds01_driver/share/ament_index/resource_index/parent_prefix_path/lds01_driver
[29.044s] -- Up-to-date: /home/andrey/Documents/RobotParts/Code/HighLevelCode/ros_ws/install/lds01_driver/share/lds01_driver/environment/ament_prefix_path.sh
[29.045s] -- Up-to-date: /home/andrey/Documents/RobotParts/Code/HighLevelCode/ros_ws/install/lds01_driver/share/lds01_driver/environment/ament_prefix_path.dsv
[29.045s] -- Up-to-date: /home/andrey/Documents/RobotParts/Code/HighLevelCode/ros_ws/install/lds01_driver/share/lds01_driver/environment/path.sh
[29.046s] -- Up-to-date: /home/andrey/Documents/RobotParts/Code/HighLevelCode/ros_ws/install/lds01_driver/share/lds01_driver/environment/path.dsv
[29.047s] -- Up-to-date: /home/andrey/Documents/RobotParts/Code/HighLevelCode/ros_ws/install/lds01_driver/share/lds01_driver/local_setup.bash
[29.047s] -- Up-to-date: /home/andrey/Documents/RobotParts/Code/HighLevelCode/ros_ws/install/lds01_driver/share/lds01_driver/local_setup.sh
[29.048s] -- Up-to-date: /home/andrey/Documents/RobotParts/Code/HighLevelCode/ros_ws/install/lds01_driver/share/lds01_driver/local_setup.zsh
[29.048s] -- Up-to-date: /home/andrey/Documents/RobotParts/Code/HighLevelCode/ros_ws/install/lds01_driver/share/lds01_driver/local_setup.dsv
[29.049s] -- Installing: /home/andrey/Documents/RobotParts/Code/HighLevelCode/ros_ws/install/lds01_driver/share/lds01_driver/package.dsv
[29.050s] -- Up-to-date: /home/andrey/Documents/RobotParts/Code/HighLevelCode/ros_ws/install/lds01_driver/share/ament_index/resource_index/packages/lds01_driver
[29.050s] -- Up-to-date: /home/andrey/Documents/RobotParts/Code/HighLevelCode/ros_ws/install/lds01_driver/share/lds01_driver/cmake/ament_cmake_export_include_directories-extras.cmake
[29.051s] -- Up-to-date: /home/andrey/Documents/RobotParts/Code/HighLevelCode/ros_ws/install/lds01_driver/share/lds01_driver/cmake/ament_cmake_export_libraries-extras.cmake
[29.052s] -- Up-to-date: /home/andrey/Documents/RobotParts/Code/HighLevelCode/ros_ws/install/lds01_driver/share/lds01_driver/cmake/lds01_driverConfig.cmake
[29.052s] -- Up-to-date: /home/andrey/Documents/RobotParts/Code/HighLevelCode/ros_ws/install/lds01_driver/share/lds01_driver/cmake/lds01_driverConfig-version.cmake
[29.053s] -- Up-to-date: /home/andrey/Documents/RobotParts/Code/HighLevelCode/ros_ws/install/lds01_driver/share/lds01_driver/package.xml
[29.060s] Invoked command in '/home/andrey/Documents/RobotParts/Code/HighLevelCode/ros_ws/build/lds01_driver' returned '0': CMAKE_PREFIX_PATH=${CMAKE_PREFIX_PATH}:/opt/ros/jazzy DEBUGINFOD_URLS=https://debuginfod.ubuntu.com /usr/bin/cmake --install /home/andrey/Documents/RobotParts/Code/HighLevelCode/ros_ws/build/lds01_driver
