-- The C compiler identification is GNU 13.3.0
-- The CXX compiler identification is GNU 13.3.0
-- Detecting C compiler ABI info
-- Detecting C compiler ABI info - done
-- Check for working C compiler: /usr/bin/cc - skipped
-- Detecting C compile features
-- Detecting C compile features - done
-- Detecting CXX compiler ABI info
-- Detecting CXX compiler ABI info - done
-- Check for working CXX compiler: /usr/bin/c++ - skipped
-- Detecting CXX compile features
-- Detecting CXX compile features - done
-- Found ament_cmake: 2.5.4 (/opt/ros/jazzy/share/ament_cmake/cmake)
-- Found Python3: /usr/bin/python3 (found version "3.12.3") found components: Interpreter 
-- Found rclcpp: 28.1.10 (/opt/ros/jazzy/share/rclcpp/cmake)
-- Found rosidl_generator_c: 4.6.5 (/opt/ros/jazzy/share/rosidl_generator_c/cmake)
-- Found rosidl_generator_cpp: 4.6.5 (/opt/ros/jazzy/share/rosidl_generator_cpp/cmake)
-- Using all available rosidl_typesupport_c: rosidl_typesupport_fastrtps_c;rosidl_typesupport_introspection_c
-- Using all available rosidl_typesupport_cpp: rosidl_typesupport_fastrtps_cpp;rosidl_typesupport_introspection_cpp
-- Found rmw_implementation_cmake: 7.3.2 (/opt/ros/jazzy/share/rmw_implementation_cmake/cmake)
-- Found rmw_fastrtps_cpp: 8.4.2 (/opt/ros/jazzy/share/rmw_fastrtps_cpp/cmake)
-- Found OpenSSL: /usr/lib/aarch64-linux-gnu/libcrypto.so (found version "3.0.13")  
-- Found FastRTPS: /opt/ros/jazzy/include (Required is at least version "2.13") 
-- Using RMW implementation 'rmw_fastrtps_cpp' as default
-- Found sensor_msgs: 5.3.6 (/opt/ros/jazzy/share/sensor_msgs/cmake)
-- Found ament_lint_auto: 0.17.2 (/opt/ros/jazzy/share/ament_lint_auto/cmake)
-- Added test 'cppcheck' to perform static code analysis on C / C++ code
-- Configured cppcheck include dirs: /home/andrey/Documents/RobotParts/Code/HighLevelCode/ros_ws/src/lds01_driver/include
-- Configured cppcheck exclude dirs and/or files: 
-- Added test 'lint_cmake' to check CMake code style
-- Added test 'uncrustify' to check C / C++ code style
-- Configured uncrustify additional arguments: 
-- Added test 'xmllint' to check XML markup files
-- Configuring done (9.0s)
-- Generating done (0.1s)
-- Build files have been written to: /home/andrey/Documents/RobotParts/Code/HighLevelCode/ros_ws/build/lds01_driver
[ 16%] [32mBuilding C object CMakeFiles/parser_lib.dir/src/parser.c.o[0m
[ 33%] [32mBuilding C object CMakeFiles/parser_lib.dir/src/serial.c.o[0m
[ 50%] [32mBuilding C object CMakeFiles/parser_lib.dir/src/gpio.c.o[0m
In file included from [01m[K/home/andrey/Documents/RobotParts/Code/HighLevelCode/ros_ws/src/lds01_driver/src/serial.c:1[m[K:
[01m[K/home/andrey/Documents/RobotParts/Code/HighLevelCode/ros_ws/src/lds01_driver/include/lds01_driver/serial.h:12:42:[m[K [01;31m[Kerror: [m[Kunknown type name ‘[01m[Ksize_t[m[K’
   12 | int read_serial(int fd, uint8_t *buffer, [01;31m[Ksize_t[m[K size);
      |                                          [01;31m[K^~~~~~[m[K
[01m[K/home/andrey/Documents/RobotParts/Code/HighLevelCode/ros_ws/src/lds01_driver/include/lds01_driver/serial.h:10:1:[m[K [01;36m[Knote: [m[K‘[01m[Ksize_t[m[K’ is defined in header ‘[01m[K<stddef.h>[m[K’; did you forget to ‘[01m[K#include <stddef.h>[m[K’?
    9 | #include <stdint.h>
  +++ |+[32m[K#include <stddef.h>[m[K
   10 | 
gmake[2]: *** [CMakeFiles/parser_lib.dir/build.make:90: CMakeFiles/parser_lib.dir/src/serial.c.o] Error 1
gmake[2]: *** Waiting for unfinished jobs....
gmake[1]: *** [CMakeFiles/Makefile2:139: CMakeFiles/parser_lib.dir/all] Error 2
gmake: *** [Makefile:146: all] Error 2
