[0.067s] Invoking command in '/home/andrey/Documents/RobotParts/Code/HighLevelCode/ros_ws/build/lds01_driver': CMAKE_PREFIX_PATH=${CMAKE_PREFIX_PATH}:/opt/ros/jazzy DEBUGINFOD_URLS=https://debuginfod.ubuntu.com /usr/bin/cmake /home/andrey/Documents/RobotParts/Code/HighLevelCode/ros_ws/src/lds01_driver -DCMAKE_INSTALL_PREFIX=/home/andrey/Documents/RobotParts/Code/HighLevelCode/ros_ws/install/lds01_driver
[1.381s] -- The C compiler identification is GNU 13.3.0
[2.271s] -- The CXX compiler identification is GNU 13.3.0
[2.403s] -- Detecting C compiler ABI info
[2.978s] -- Detecting C compiler ABI info - done
[3.014s] -- Check for working C compiler: /usr/bin/cc - skipped
[3.017s] -- Detecting C compile features
[3.020s] -- Detecting C compile features - done
[3.081s] -- Detecting CXX compiler ABI info
[3.668s] -- Detecting CXX compiler ABI info - done
[3.709s] -- Check for working CXX compiler: /usr/bin/c++ - skipped
[3.710s] -- Detecting CXX compile features
[3.712s] -- Detecting CXX compile features - done
[3.753s] -- Found ament_cmake: 2.5.4 (/opt/ros/jazzy/share/ament_cmake/cmake)
[4.561s] -- Found Python3: /usr/bin/python3 (found version "3.12.3") found components: Interpreter 
[5.411s] -- Found rclcpp: 28.1.10 (/opt/ros/jazzy/share/rclcpp/cmake)
[5.851s] -- Found rosidl_generator_c: 4.6.5 (/opt/ros/jazzy/share/rosidl_generator_c/cmake)
[5.985s] -- Found rosidl_generator_cpp: 4.6.5 (/opt/ros/jazzy/share/rosidl_generator_cpp/cmake)
[6.137s] -- Using all available rosidl_typesupport_c: rosidl_typesupport_fastrtps_c;rosidl_typesupport_introspection_c
[6.296s] -- Using all available rosidl_typesupport_cpp: rosidl_typesupport_fastrtps_cpp;rosidl_typesupport_introspection_cpp
[6.882s] -- Found rmw_implementation_cmake: 7.3.2 (/opt/ros/jazzy/share/rmw_implementation_cmake/cmake)
[6.917s] -- Found rmw_fastrtps_cpp: 8.4.2 (/opt/ros/jazzy/share/rmw_fastrtps_cpp/cmake)
[7.549s] -- Found OpenSSL: /usr/lib/aarch64-linux-gnu/libcrypto.so (found version "3.0.13")  
[7.665s] -- Found FastRTPS: /opt/ros/jazzy/include (Required is at least version "2.13") 
[7.765s] -- Using RMW implementation 'rmw_fastrtps_cpp' as default
[8.254s] -- Found sensor_msgs: 5.3.6 (/opt/ros/jazzy/share/sensor_msgs/cmake)
[8.616s] -- Found ament_lint_auto: 0.17.2 (/opt/ros/jazzy/share/ament_lint_auto/cmake)
[9.283s] -- Added test 'cppcheck' to perform static code analysis on C / C++ code
[9.287s] -- Configured cppcheck include dirs: /home/andrey/Documents/RobotParts/Code/HighLevelCode/ros_ws/src/lds01_driver/include
[9.288s] -- Configured cppcheck exclude dirs and/or files: 
[9.299s] -- Added test 'lint_cmake' to check CMake code style
[9.316s] -- Added test 'uncrustify' to check C / C++ code style
[9.317s] -- Configured uncrustify additional arguments: 
[9.330s] -- Added test 'xmllint' to check XML markup files
[9.382s] -- Configuring done (9.0s)
[9.502s] -- Generating done (0.1s)
[9.529s] -- Build files have been written to: /home/andrey/Documents/RobotParts/Code/HighLevelCode/ros_ws/build/lds01_driver
[9.589s] Invoked command in '/home/andrey/Documents/RobotParts/Code/HighLevelCode/ros_ws/build/lds01_driver' returned '0': CMAKE_PREFIX_PATH=${CMAKE_PREFIX_PATH}:/opt/ros/jazzy DEBUGINFOD_URLS=https://debuginfod.ubuntu.com /usr/bin/cmake /home/andrey/Documents/RobotParts/Code/HighLevelCode/ros_ws/src/lds01_driver -DCMAKE_INSTALL_PREFIX=/home/andrey/Documents/RobotParts/Code/HighLevelCode/ros_ws/install/lds01_driver
[9.598s] Invoking command in '/home/andrey/Documents/RobotParts/Code/HighLevelCode/ros_ws/build/lds01_driver': CMAKE_PREFIX_PATH=${CMAKE_PREFIX_PATH}:/opt/ros/jazzy DEBUGINFOD_URLS=https://debuginfod.ubuntu.com /usr/bin/cmake --build /home/andrey/Documents/RobotParts/Code/HighLevelCode/ros_ws/build/lds01_driver -- -j4 -l4
[9.933s] [ 16%] [32mBuilding C object CMakeFiles/parser_lib.dir/src/parser.c.o[0m
[9.938s] [ 33%] [32mBuilding C object CMakeFiles/parser_lib.dir/src/serial.c.o[0m
[9.942s] [ 50%] [32mBuilding C object CMakeFiles/parser_lib.dir/src/gpio.c.o[0m
[10.076s] In file included from [01m[K/home/andrey/Documents/RobotParts/Code/HighLevelCode/ros_ws/src/lds01_driver/src/serial.c:1[m[K:
[10.077s] [01m[K/home/andrey/Documents/RobotParts/Code/HighLevelCode/ros_ws/src/lds01_driver/include/lds01_driver/serial.h:12:42:[m[K [01;31m[Kerror: [m[Kunknown type name ‘[01m[Ksize_t[m[K’
[10.077s]    12 | int read_serial(int fd, uint8_t *buffer, [01;31m[Ksize_t[m[K size);
[10.078s]       |                                          [01;31m[K^~~~~~[m[K
[10.079s] [01m[K/home/andrey/Documents/RobotParts/Code/HighLevelCode/ros_ws/src/lds01_driver/include/lds01_driver/serial.h:10:1:[m[K [01;36m[Knote: [m[K‘[01m[Ksize_t[m[K’ is defined in header ‘[01m[K<stddef.h>[m[K’; did you forget to ‘[01m[K#include <stddef.h>[m[K’?
[10.079s]     9 | #include <stdint.h>
[10.080s]   +++ |+[32m[K#include <stddef.h>[m[K
[10.080s]    10 | 
[10.173s] gmake[2]: *** [CMakeFiles/parser_lib.dir/build.make:90: CMakeFiles/parser_lib.dir/src/serial.c.o] Error 1
[10.174s] gmake[2]: *** Waiting for unfinished jobs....
[10.237s] gmake[1]: *** [CMakeFiles/Makefile2:139: CMakeFiles/parser_lib.dir/all] Error 2
[10.238s] gmake: *** [Makefile:146: all] Error 2
[10.247s] Invoked command in '/home/andrey/Documents/RobotParts/Code/HighLevelCode/ros_ws/build/lds01_driver' returned '2': CMAKE_PREFIX_PATH=${CMAKE_PREFIX_PATH}:/opt/ros/jazzy DEBUGINFOD_URLS=https://debuginfod.ubuntu.com /usr/bin/cmake --build /home/andrey/Documents/RobotParts/Code/HighLevelCode/ros_ws/build/lds01_driver -- -j4 -l4
