[0.992s] DEBUG:colcon:Command line arguments: ['/usr/bin/colcon', 'build', '--packages-select', 'lds01_driver']
[0.993s] DEBUG:colcon:Parsed command line arguments: Namespace(log_base=None, log_level=None, verb_name='build', build_base='build', install_base='install', merge_install=False, symlink_install=False, test_result_base=None, continue_on_error=False, executor='parallel', parallel_workers=4, event_handlers=None, ignore_user_meta=False, metas=['./colcon.meta'], base_paths=['.'], packages_ignore=None, packages_ignore_regex=None, paths=None, packages_up_to=None, packages_up_to_regex=None, packages_above=None, packages_above_and_dependencies=None, packages_above_depth=None, packages_select_by_dep=None, packages_skip_by_dep=None, packages_skip_up_to=None, packages_select_build_failed=False, packages_skip_build_finished=False, packages_select_test_failures=False, packages_skip_test_passed=False, packages_select=['lds01_driver'], packages_skip=None, packages_select_regex=None, packages_skip_regex=None, packages_start=None, packages_end=None, allow_overriding=[], cmake_args=None, cmake_target=None, cmake_target_skip_unavailable=False, cmake_clean_cache=False, cmake_clean_first=False, cmake_force_configure=False, ament_cmake_args=None, catkin_cmake_args=None, catkin_skip_building_tests=False, mixin_files=None, mixin=None, verb_parser=<colcon_mixin.mixin.mixin_argument.MixinArgumentDecorator object at 0xffff847215e0>, verb_extension=<colcon_core.verb.build.BuildVerb object at 0xffff848de9c0>, main=<bound method BuildVerb.main of <colcon_core.verb.build.BuildVerb object at 0xffff848de9c0>>, mixin_verb=('build',))
[1.409s] Level 1:colcon.colcon_core.package_discovery:discover_packages(colcon_meta) check parameters
[1.410s] Level 1:colcon.colcon_core.package_discovery:discover_packages(recursive) check parameters
[1.410s] Level 1:colcon.colcon_core.package_discovery:discover_packages(ignore) check parameters
[1.411s] Level 1:colcon.colcon_core.package_discovery:discover_packages(path) check parameters
[1.411s] Level 1:colcon.colcon_core.package_discovery:discover_packages(colcon_meta) discover
[1.411s] Level 1:colcon.colcon_core.package_discovery:discover_packages(recursive) discover
[1.412s] INFO:colcon.colcon_core.package_discovery:Crawling recursively for packages in '/home/andrey/Documents/RobotParts/Code/HighLevelCode/ros_ws'
[1.413s] Level 1:colcon.colcon_core.package_identification:_identify(.) by extensions ['ignore', 'ignore_ament_install']
[1.414s] Level 1:colcon.colcon_core.package_identification:_identify(.) by extension 'ignore'
[1.416s] Level 1:colcon.colcon_core.package_identification:_identify(.) by extension 'ignore_ament_install'
[1.417s] Level 1:colcon.colcon_core.package_identification:_identify(.) by extensions ['colcon_pkg']
[1.418s] Level 1:colcon.colcon_core.package_identification:_identify(.) by extension 'colcon_pkg'
[1.418s] Level 1:colcon.colcon_core.package_identification:_identify(.) by extensions ['colcon_meta']
[1.419s] Level 1:colcon.colcon_core.package_identification:_identify(.) by extension 'colcon_meta'
[1.419s] Level 1:colcon.colcon_core.package_identification:_identify(.) by extensions ['ros']
[1.420s] Level 1:colcon.colcon_core.package_identification:_identify(.) by extension 'ros'
[1.647s] Level 1:colcon.colcon_core.package_identification:_identify(.) by extensions ['cmake', 'python']
[1.647s] Level 1:colcon.colcon_core.package_identification:_identify(.) by extension 'cmake'
[1.648s] Level 1:colcon.colcon_core.package_identification:_identify(.) by extension 'python'
[1.649s] Level 1:colcon.colcon_core.package_identification:_identify(.) by extensions ['python_setup_py']
[1.649s] Level 1:colcon.colcon_core.package_identification:_identify(.) by extension 'python_setup_py'
[1.651s] Level 1:colcon.colcon_core.package_identification:_identify(build) by extensions ['ignore', 'ignore_ament_install']
[1.652s] Level 1:colcon.colcon_core.package_identification:_identify(build) by extension 'ignore'
[1.653s] Level 1:colcon.colcon_core.package_identification:_identify(build) ignored
[1.654s] Level 1:colcon.colcon_core.package_identification:_identify(install) by extensions ['ignore', 'ignore_ament_install']
[1.655s] Level 1:colcon.colcon_core.package_identification:_identify(install) by extension 'ignore'
[1.656s] Level 1:colcon.colcon_core.package_identification:_identify(install) ignored
[1.657s] Level 1:colcon.colcon_core.package_identification:_identify(log) by extensions ['ignore', 'ignore_ament_install']
[1.658s] Level 1:colcon.colcon_core.package_identification:_identify(log) by extension 'ignore'
[1.659s] Level 1:colcon.colcon_core.package_identification:_identify(log) ignored
[1.660s] Level 1:colcon.colcon_core.package_identification:_identify(src) by extensions ['ignore', 'ignore_ament_install']
[1.661s] Level 1:colcon.colcon_core.package_identification:_identify(src) by extension 'ignore'
[1.662s] Level 1:colcon.colcon_core.package_identification:_identify(src) by extension 'ignore_ament_install'
[1.662s] Level 1:colcon.colcon_core.package_identification:_identify(src) by extensions ['colcon_pkg']
[1.662s] Level 1:colcon.colcon_core.package_identification:_identify(src) by extension 'colcon_pkg'
[1.663s] Level 1:colcon.colcon_core.package_identification:_identify(src) by extensions ['colcon_meta']
[1.663s] Level 1:colcon.colcon_core.package_identification:_identify(src) by extension 'colcon_meta'
[1.663s] Level 1:colcon.colcon_core.package_identification:_identify(src) by extensions ['ros']
[1.663s] Level 1:colcon.colcon_core.package_identification:_identify(src) by extension 'ros'
[1.664s] Level 1:colcon.colcon_core.package_identification:_identify(src) by extensions ['cmake', 'python']
[1.664s] Level 1:colcon.colcon_core.package_identification:_identify(src) by extension 'cmake'
[1.664s] Level 1:colcon.colcon_core.package_identification:_identify(src) by extension 'python'
[1.664s] Level 1:colcon.colcon_core.package_identification:_identify(src) by extensions ['python_setup_py']
[1.664s] Level 1:colcon.colcon_core.package_identification:_identify(src) by extension 'python_setup_py'
[1.665s] Level 1:colcon.colcon_core.package_identification:_identify(src/lds01_driver) by extensions ['ignore', 'ignore_ament_install']
[1.665s] Level 1:colcon.colcon_core.package_identification:_identify(src/lds01_driver) by extension 'ignore'
[1.666s] Level 1:colcon.colcon_core.package_identification:_identify(src/lds01_driver) by extension 'ignore_ament_install'
[1.666s] Level 1:colcon.colcon_core.package_identification:_identify(src/lds01_driver) by extensions ['colcon_pkg']
[1.666s] Level 1:colcon.colcon_core.package_identification:_identify(src/lds01_driver) by extension 'colcon_pkg'
[1.667s] Level 1:colcon.colcon_core.package_identification:_identify(src/lds01_driver) by extensions ['colcon_meta']
[1.667s] Level 1:colcon.colcon_core.package_identification:_identify(src/lds01_driver) by extension 'colcon_meta'
[1.667s] Level 1:colcon.colcon_core.package_identification:_identify(src/lds01_driver) by extensions ['ros']
[1.667s] Level 1:colcon.colcon_core.package_identification:_identify(src/lds01_driver) by extension 'ros'
[1.681s] DEBUG:colcon.colcon_core.package_identification:Package 'src/lds01_driver' with type 'ros.ament_cmake' and name 'lds01_driver'
[1.682s] Level 1:colcon.colcon_core.package_discovery:discover_packages(recursive) using defaults
[1.682s] Level 1:colcon.colcon_core.package_discovery:discover_packages(ignore) discover
[1.683s] Level 1:colcon.colcon_core.package_discovery:discover_packages(ignore) using defaults
[1.683s] Level 1:colcon.colcon_core.package_discovery:discover_packages(path) discover
[1.683s] Level 1:colcon.colcon_core.package_discovery:discover_packages(path) using defaults
[1.834s] Level 1:colcon.colcon_core.package_discovery:discover_packages(prefix_path) check parameters
[1.835s] Level 1:colcon.colcon_core.package_discovery:discover_packages(prefix_path) discover
[1.855s] DEBUG:colcon.colcon_installed_package_information.package_discovery:Found 1 installed packages in /home/andrey/Documents/RobotParts/Code/HighLevelCode/ros_ws/install
[1.868s] DEBUG:colcon.colcon_installed_package_information.package_discovery:Found 285 installed packages in /opt/ros/jazzy
[1.874s] Level 1:colcon.colcon_core.package_discovery:discover_packages(prefix_path) using defaults
[2.213s] Level 5:colcon.colcon_core.verb:set package 'lds01_driver' build argument 'cmake_args' from command line to 'None'
[2.214s] Level 5:colcon.colcon_core.verb:set package 'lds01_driver' build argument 'cmake_target' from command line to 'None'
[2.214s] Level 5:colcon.colcon_core.verb:set package 'lds01_driver' build argument 'cmake_target_skip_unavailable' from command line to 'False'
[2.214s] Level 5:colcon.colcon_core.verb:set package 'lds01_driver' build argument 'cmake_clean_cache' from command line to 'False'
[2.215s] Level 5:colcon.colcon_core.verb:set package 'lds01_driver' build argument 'cmake_clean_first' from command line to 'False'
[2.215s] Level 5:colcon.colcon_core.verb:set package 'lds01_driver' build argument 'cmake_force_configure' from command line to 'False'
[2.215s] Level 5:colcon.colcon_core.verb:set package 'lds01_driver' build argument 'ament_cmake_args' from command line to 'None'
[2.215s] Level 5:colcon.colcon_core.verb:set package 'lds01_driver' build argument 'catkin_cmake_args' from command line to 'None'
[2.215s] Level 5:colcon.colcon_core.verb:set package 'lds01_driver' build argument 'catkin_skip_building_tests' from command line to 'False'
[2.215s] DEBUG:colcon.colcon_core.verb:Building package 'lds01_driver' with the following arguments: {'ament_cmake_args': None, 'build_base': '/home/andrey/Documents/RobotParts/Code/HighLevelCode/ros_ws/build/lds01_driver', 'catkin_cmake_args': None, 'catkin_skip_building_tests': False, 'cmake_args': None, 'cmake_clean_cache': False, 'cmake_clean_first': False, 'cmake_force_configure': False, 'cmake_target': None, 'cmake_target_skip_unavailable': False, 'install_base': '/home/andrey/Documents/RobotParts/Code/HighLevelCode/ros_ws/install/lds01_driver', 'merge_install': False, 'path': '/home/andrey/Documents/RobotParts/Code/HighLevelCode/ros_ws/src/lds01_driver', 'symlink_install': False, 'test_result_base': None}
[2.216s] INFO:colcon.colcon_core.executor:Executing jobs using 'parallel' executor
[2.224s] DEBUG:colcon.colcon_parallel_executor.executor.parallel:run_until_complete
[2.227s] INFO:colcon.colcon_ros.task.ament_cmake.build:Building ROS package in '/home/andrey/Documents/RobotParts/Code/HighLevelCode/ros_ws/src/lds01_driver' with build type 'ament_cmake'
[2.229s] INFO:colcon.colcon_cmake.task.cmake.build:Building CMake package in '/home/andrey/Documents/RobotParts/Code/HighLevelCode/ros_ws/src/lds01_driver'
[2.243s] INFO:colcon.colcon_core.plugin_system:Skipping extension 'colcon_core.shell.bat': Not used on non-Windows systems
[2.244s] INFO:colcon.colcon_core.shell:Skip shell extension 'powershell' for command environment: Not usable outside of PowerShell
[2.245s] DEBUG:colcon.colcon_core.shell:Skip shell extension 'dsv' for command environment
[2.317s] DEBUG:colcon.colcon_core.event_handler.log_command:Invoking command in '/home/andrey/Documents/RobotParts/Code/HighLevelCode/ros_ws/build/lds01_driver': CMAKE_PREFIX_PATH=${CMAKE_PREFIX_PATH}:/opt/ros/jazzy DEBUGINFOD_URLS=https://debuginfod.ubuntu.com /usr/bin/cmake --build /home/andrey/Documents/RobotParts/Code/HighLevelCode/ros_ws/build/lds01_driver -- -j4 -l4
[46.208s] DEBUG:colcon.colcon_core.event_handler.log_command:Invoked command in '/home/andrey/Documents/RobotParts/Code/HighLevelCode/ros_ws/build/lds01_driver' returned '0': CMAKE_PREFIX_PATH=${CMAKE_PREFIX_PATH}:/opt/ros/jazzy DEBUGINFOD_URLS=https://debuginfod.ubuntu.com /usr/bin/cmake --build /home/andrey/Documents/RobotParts/Code/HighLevelCode/ros_ws/build/lds01_driver -- -j4 -l4
[46.306s] DEBUG:colcon.colcon_core.event_handler.log_command:Invoking command in '/home/andrey/Documents/RobotParts/Code/HighLevelCode/ros_ws/build/lds01_driver': CMAKE_PREFIX_PATH=${CMAKE_PREFIX_PATH}:/opt/ros/jazzy DEBUGINFOD_URLS=https://debuginfod.ubuntu.com /usr/bin/cmake --install /home/andrey/Documents/RobotParts/Code/HighLevelCode/ros_ws/build/lds01_driver
[46.471s] Level 1:colcon.colcon_core.environment:create_environment_scripts_only(lds01_driver)
[46.501s] DEBUG:colcon.colcon_core.event_handler.log_command:Invoked command in '/home/andrey/Documents/RobotParts/Code/HighLevelCode/ros_ws/build/lds01_driver' returned '0': CMAKE_PREFIX_PATH=${CMAKE_PREFIX_PATH}:/opt/ros/jazzy DEBUGINFOD_URLS=https://debuginfod.ubuntu.com /usr/bin/cmake --install /home/andrey/Documents/RobotParts/Code/HighLevelCode/ros_ws/build/lds01_driver
[46.509s] Level 1:colcon.colcon_core.environment:checking '/home/andrey/Documents/RobotParts/Code/HighLevelCode/ros_ws/install/lds01_driver' for CMake module files
[46.516s] Level 1:colcon.colcon_core.environment:checking '/home/andrey/Documents/RobotParts/Code/HighLevelCode/ros_ws/install/lds01_driver' for CMake config files
[46.519s] Level 1:colcon.colcon_core.shell:create_environment_hook('lds01_driver', 'cmake_prefix_path')
[46.521s] INFO:colcon.colcon_core.shell:Creating environment hook '/home/andrey/Documents/RobotParts/Code/HighLevelCode/ros_ws/install/lds01_driver/share/lds01_driver/hook/cmake_prefix_path.ps1'
[46.526s] INFO:colcon.colcon_core.shell:Creating environment descriptor '/home/andrey/Documents/RobotParts/Code/HighLevelCode/ros_ws/install/lds01_driver/share/lds01_driver/hook/cmake_prefix_path.dsv'
[46.531s] INFO:colcon.colcon_core.shell:Creating environment hook '/home/andrey/Documents/RobotParts/Code/HighLevelCode/ros_ws/install/lds01_driver/share/lds01_driver/hook/cmake_prefix_path.sh'
[46.539s] Level 1:colcon.colcon_core.environment:checking '/home/andrey/Documents/RobotParts/Code/HighLevelCode/ros_ws/install/lds01_driver/lib'
[46.542s] Level 1:colcon.colcon_core.environment:checking '/home/andrey/Documents/RobotParts/Code/HighLevelCode/ros_ws/install/lds01_driver/bin'
[46.543s] Level 1:colcon.colcon_core.environment:checking '/home/andrey/Documents/RobotParts/Code/HighLevelCode/ros_ws/install/lds01_driver/lib/pkgconfig/lds01_driver.pc'
[46.546s] Level 1:colcon.colcon_core.environment:checking '/home/andrey/Documents/RobotParts/Code/HighLevelCode/ros_ws/install/lds01_driver/lib/python3.12/site-packages'
[46.549s] Level 1:colcon.colcon_core.environment:checking '/home/andrey/Documents/RobotParts/Code/HighLevelCode/ros_ws/install/lds01_driver/bin'
[46.553s] INFO:colcon.colcon_core.shell:Creating package script '/home/andrey/Documents/RobotParts/Code/HighLevelCode/ros_ws/install/lds01_driver/share/lds01_driver/package.ps1'
[46.560s] INFO:colcon.colcon_core.shell:Creating package descriptor '/home/andrey/Documents/RobotParts/Code/HighLevelCode/ros_ws/install/lds01_driver/share/lds01_driver/package.dsv'
[46.564s] INFO:colcon.colcon_core.shell:Creating package script '/home/andrey/Documents/RobotParts/Code/HighLevelCode/ros_ws/install/lds01_driver/share/lds01_driver/package.sh'
[46.571s] INFO:colcon.colcon_core.shell:Creating package script '/home/andrey/Documents/RobotParts/Code/HighLevelCode/ros_ws/install/lds01_driver/share/lds01_driver/package.bash'
[46.581s] INFO:colcon.colcon_core.shell:Creating package script '/home/andrey/Documents/RobotParts/Code/HighLevelCode/ros_ws/install/lds01_driver/share/lds01_driver/package.zsh'
[46.587s] Level 1:colcon.colcon_core.environment:create_file_with_runtime_dependencies(/home/andrey/Documents/RobotParts/Code/HighLevelCode/ros_ws/install/lds01_driver/share/colcon-core/packages/lds01_driver)
[46.596s] Level 1:colcon.colcon_core.environment:create_environment_scripts_only(lds01_driver)
[46.597s] Level 1:colcon.colcon_core.environment:checking '/home/andrey/Documents/RobotParts/Code/HighLevelCode/ros_ws/install/lds01_driver' for CMake module files
[46.605s] Level 1:colcon.colcon_core.environment:checking '/home/andrey/Documents/RobotParts/Code/HighLevelCode/ros_ws/install/lds01_driver' for CMake config files
[46.608s] Level 1:colcon.colcon_core.shell:create_environment_hook('lds01_driver', 'cmake_prefix_path')
[46.611s] INFO:colcon.colcon_core.shell:Creating environment hook '/home/andrey/Documents/RobotParts/Code/HighLevelCode/ros_ws/install/lds01_driver/share/lds01_driver/hook/cmake_prefix_path.ps1'
[46.615s] INFO:colcon.colcon_core.shell:Creating environment descriptor '/home/andrey/Documents/RobotParts/Code/HighLevelCode/ros_ws/install/lds01_driver/share/lds01_driver/hook/cmake_prefix_path.dsv'
[46.619s] INFO:colcon.colcon_core.shell:Creating environment hook '/home/andrey/Documents/RobotParts/Code/HighLevelCode/ros_ws/install/lds01_driver/share/lds01_driver/hook/cmake_prefix_path.sh'
[46.629s] Level 1:colcon.colcon_core.environment:checking '/home/andrey/Documents/RobotParts/Code/HighLevelCode/ros_ws/install/lds01_driver/lib'
[46.631s] Level 1:colcon.colcon_core.environment:checking '/home/andrey/Documents/RobotParts/Code/HighLevelCode/ros_ws/install/lds01_driver/bin'
[46.636s] Level 1:colcon.colcon_core.environment:checking '/home/andrey/Documents/RobotParts/Code/HighLevelCode/ros_ws/install/lds01_driver/lib/pkgconfig/lds01_driver.pc'
[46.639s] Level 1:colcon.colcon_core.environment:checking '/home/andrey/Documents/RobotParts/Code/HighLevelCode/ros_ws/install/lds01_driver/lib/python3.12/site-packages'
[46.642s] Level 1:colcon.colcon_core.environment:checking '/home/andrey/Documents/RobotParts/Code/HighLevelCode/ros_ws/install/lds01_driver/bin'
[46.644s] INFO:colcon.colcon_core.shell:Creating package script '/home/andrey/Documents/RobotParts/Code/HighLevelCode/ros_ws/install/lds01_driver/share/lds01_driver/package.ps1'
[46.651s] INFO:colcon.colcon_core.shell:Creating package descriptor '/home/andrey/Documents/RobotParts/Code/HighLevelCode/ros_ws/install/lds01_driver/share/lds01_driver/package.dsv'
[46.655s] INFO:colcon.colcon_core.shell:Creating package script '/home/andrey/Documents/RobotParts/Code/HighLevelCode/ros_ws/install/lds01_driver/share/lds01_driver/package.sh'
[46.661s] INFO:colcon.colcon_core.shell:Creating package script '/home/andrey/Documents/RobotParts/Code/HighLevelCode/ros_ws/install/lds01_driver/share/lds01_driver/package.bash'
[46.667s] INFO:colcon.colcon_core.shell:Creating package script '/home/andrey/Documents/RobotParts/Code/HighLevelCode/ros_ws/install/lds01_driver/share/lds01_driver/package.zsh'
[46.675s] Level 1:colcon.colcon_core.environment:create_file_with_runtime_dependencies(/home/andrey/Documents/RobotParts/Code/HighLevelCode/ros_ws/install/lds01_driver/share/colcon-core/packages/lds01_driver)
[46.680s] DEBUG:colcon.colcon_parallel_executor.executor.parallel:closing loop
[46.682s] DEBUG:colcon.colcon_parallel_executor.executor.parallel:loop closed
[46.686s] DEBUG:colcon.colcon_parallel_executor.executor.parallel:run_until_complete finished with '0'
[46.687s] DEBUG:colcon.colcon_core.event_reactor:joining thread
[46.752s] INFO:colcon.colcon_core.plugin_system:Skipping extension 'colcon_notification.desktop_notification.terminal_notifier': Not used on non-Darwin systems
[46.753s] INFO:colcon.colcon_core.plugin_system:Skipping extension 'colcon_notification.desktop_notification.win32': Not used on non-Windows systems
[46.754s] INFO:colcon.colcon_notification.desktop_notification:Sending desktop notification using 'notify2'
[46.963s] DEBUG:colcon.colcon_core.event_reactor:joined thread
[46.964s] INFO:colcon.colcon_core.shell:Creating prefix script '/home/andrey/Documents/RobotParts/Code/HighLevelCode/ros_ws/install/local_setup.ps1'
[46.970s] INFO:colcon.colcon_core.shell:Creating prefix util module '/home/andrey/Documents/RobotParts/Code/HighLevelCode/ros_ws/install/_local_setup_util_ps1.py'
[46.978s] INFO:colcon.colcon_core.shell:Creating prefix chain script '/home/andrey/Documents/RobotParts/Code/HighLevelCode/ros_ws/install/setup.ps1'
[46.986s] INFO:colcon.colcon_core.shell:Creating prefix script '/home/andrey/Documents/RobotParts/Code/HighLevelCode/ros_ws/install/local_setup.sh'
[46.992s] INFO:colcon.colcon_core.shell:Creating prefix util module '/home/andrey/Documents/RobotParts/Code/HighLevelCode/ros_ws/install/_local_setup_util_sh.py'
[47.002s] INFO:colcon.colcon_core.shell:Creating prefix chain script '/home/andrey/Documents/RobotParts/Code/HighLevelCode/ros_ws/install/setup.sh'
[47.009s] INFO:colcon.colcon_core.shell:Creating prefix script '/home/andrey/Documents/RobotParts/Code/HighLevelCode/ros_ws/install/local_setup.bash'
[47.013s] INFO:colcon.colcon_core.shell:Creating prefix chain script '/home/andrey/Documents/RobotParts/Code/HighLevelCode/ros_ws/install/setup.bash'
[47.021s] INFO:colcon.colcon_core.shell:Creating prefix script '/home/andrey/Documents/RobotParts/Code/HighLevelCode/ros_ws/install/local_setup.zsh'
[47.027s] INFO:colcon.colcon_core.shell:Creating prefix chain script '/home/andrey/Documents/RobotParts/Code/HighLevelCode/ros_ws/install/setup.zsh'
