[0.477s] DEBUG:colcon:Command line arguments: ['/usr/bin/colcon', 'build', '--packages-select', 'lds01_driver']
[0.478s] DEBUG:colcon:Parsed command line arguments: Namespace(log_base=None, log_level=None, verb_name='build', build_base='build', install_base='install', merge_install=False, symlink_install=False, test_result_base=None, continue_on_error=False, executor='parallel', parallel_workers=4, event_handlers=None, ignore_user_meta=False, metas=['./colcon.meta'], base_paths=['.'], packages_ignore=None, packages_ignore_regex=None, paths=None, packages_up_to=None, packages_up_to_regex=None, packages_above=None, packages_above_and_dependencies=None, packages_above_depth=None, packages_select_by_dep=None, packages_skip_by_dep=None, packages_skip_up_to=None, packages_select_build_failed=False, packages_skip_build_finished=False, packages_select_test_failures=False, packages_skip_test_passed=False, packages_select=['lds01_driver'], packages_skip=None, packages_select_regex=None, packages_skip_regex=None, packages_start=None, packages_end=None, allow_overriding=[], cmake_args=None, cmake_target=None, cmake_target_skip_unavailable=False, cmake_clean_cache=False, cmake_clean_first=False, cmake_force_configure=False, ament_cmake_args=None, catkin_cmake_args=None, catkin_skip_building_tests=False, mixin_files=None, mixin=None, verb_parser=<colcon_mixin.mixin.mixin_argument.MixinArgumentDecorator object at 0xffffbbc413a0>, verb_extension=<colcon_core.verb.build.BuildVerb object at 0xffffbbdfe960>, main=<bound method BuildVerb.main of <colcon_core.verb.build.BuildVerb object at 0xffffbbdfe960>>, mixin_verb=('build',))
[0.669s] Level 1:colcon.colcon_core.package_discovery:discover_packages(colcon_meta) check parameters
[0.670s] Level 1:colcon.colcon_core.package_discovery:discover_packages(recursive) check parameters
[0.670s] Level 1:colcon.colcon_core.package_discovery:discover_packages(ignore) check parameters
[0.670s] Level 1:colcon.colcon_core.package_discovery:discover_packages(path) check parameters
[0.670s] Level 1:colcon.colcon_core.package_discovery:discover_packages(colcon_meta) discover
[0.671s] Level 1:colcon.colcon_core.package_discovery:discover_packages(recursive) discover
[0.671s] INFO:colcon.colcon_core.package_discovery:Crawling recursively for packages in '/home/andrey/Documents/RobotParts/Code/HighLevelCode/ros_ws'
[0.671s] Level 1:colcon.colcon_core.package_identification:_identify(.) by extensions ['ignore', 'ignore_ament_install']
[0.672s] Level 1:colcon.colcon_core.package_identification:_identify(.) by extension 'ignore'
[0.672s] Level 1:colcon.colcon_core.package_identification:_identify(.) by extension 'ignore_ament_install'
[0.672s] Level 1:colcon.colcon_core.package_identification:_identify(.) by extensions ['colcon_pkg']
[0.672s] Level 1:colcon.colcon_core.package_identification:_identify(.) by extension 'colcon_pkg'
[0.673s] Level 1:colcon.colcon_core.package_identification:_identify(.) by extensions ['colcon_meta']
[0.673s] Level 1:colcon.colcon_core.package_identification:_identify(.) by extension 'colcon_meta'
[0.673s] Level 1:colcon.colcon_core.package_identification:_identify(.) by extensions ['ros']
[0.673s] Level 1:colcon.colcon_core.package_identification:_identify(.) by extension 'ros'
[0.783s] Level 1:colcon.colcon_core.package_identification:_identify(.) by extensions ['cmake', 'python']
[0.783s] Level 1:colcon.colcon_core.package_identification:_identify(.) by extension 'cmake'
[0.783s] Level 1:colcon.colcon_core.package_identification:_identify(.) by extension 'python'
[0.784s] Level 1:colcon.colcon_core.package_identification:_identify(.) by extensions ['python_setup_py']
[0.784s] Level 1:colcon.colcon_core.package_identification:_identify(.) by extension 'python_setup_py'
[0.784s] Level 1:colcon.colcon_core.package_identification:_identify(build) by extensions ['ignore', 'ignore_ament_install']
[0.785s] Level 1:colcon.colcon_core.package_identification:_identify(build) by extension 'ignore'
[0.785s] Level 1:colcon.colcon_core.package_identification:_identify(build) ignored
[0.785s] Level 1:colcon.colcon_core.package_identification:_identify(install) by extensions ['ignore', 'ignore_ament_install']
[0.786s] Level 1:colcon.colcon_core.package_identification:_identify(install) by extension 'ignore'
[0.786s] Level 1:colcon.colcon_core.package_identification:_identify(install) ignored
[0.786s] Level 1:colcon.colcon_core.package_identification:_identify(log) by extensions ['ignore', 'ignore_ament_install']
[0.787s] Level 1:colcon.colcon_core.package_identification:_identify(log) by extension 'ignore'
[0.787s] Level 1:colcon.colcon_core.package_identification:_identify(log) ignored
[0.787s] Level 1:colcon.colcon_core.package_identification:_identify(src) by extensions ['ignore', 'ignore_ament_install']
[0.787s] Level 1:colcon.colcon_core.package_identification:_identify(src) by extension 'ignore'
[0.788s] Level 1:colcon.colcon_core.package_identification:_identify(src) by extension 'ignore_ament_install'
[0.788s] Level 1:colcon.colcon_core.package_identification:_identify(src) by extensions ['colcon_pkg']
[0.788s] Level 1:colcon.colcon_core.package_identification:_identify(src) by extension 'colcon_pkg'
[0.788s] Level 1:colcon.colcon_core.package_identification:_identify(src) by extensions ['colcon_meta']
[0.788s] Level 1:colcon.colcon_core.package_identification:_identify(src) by extension 'colcon_meta'
[0.788s] Level 1:colcon.colcon_core.package_identification:_identify(src) by extensions ['ros']
[0.789s] Level 1:colcon.colcon_core.package_identification:_identify(src) by extension 'ros'
[0.789s] Level 1:colcon.colcon_core.package_identification:_identify(src) by extensions ['cmake', 'python']
[0.789s] Level 1:colcon.colcon_core.package_identification:_identify(src) by extension 'cmake'
[0.789s] Level 1:colcon.colcon_core.package_identification:_identify(src) by extension 'python'
[0.789s] Level 1:colcon.colcon_core.package_identification:_identify(src) by extensions ['python_setup_py']
[0.790s] Level 1:colcon.colcon_core.package_identification:_identify(src) by extension 'python_setup_py'
[0.790s] Level 1:colcon.colcon_core.package_identification:_identify(src/lds01_driver) by extensions ['ignore', 'ignore_ament_install']
[0.790s] Level 1:colcon.colcon_core.package_identification:_identify(src/lds01_driver) by extension 'ignore'
[0.791s] Level 1:colcon.colcon_core.package_identification:_identify(src/lds01_driver) by extension 'ignore_ament_install'
[0.791s] Level 1:colcon.colcon_core.package_identification:_identify(src/lds01_driver) by extensions ['colcon_pkg']
[0.791s] Level 1:colcon.colcon_core.package_identification:_identify(src/lds01_driver) by extension 'colcon_pkg'
[0.791s] Level 1:colcon.colcon_core.package_identification:_identify(src/lds01_driver) by extensions ['colcon_meta']
[0.791s] Level 1:colcon.colcon_core.package_identification:_identify(src/lds01_driver) by extension 'colcon_meta'
[0.791s] Level 1:colcon.colcon_core.package_identification:_identify(src/lds01_driver) by extensions ['ros']
[0.791s] Level 1:colcon.colcon_core.package_identification:_identify(src/lds01_driver) by extension 'ros'
[0.800s] DEBUG:colcon.colcon_core.package_identification:Package 'src/lds01_driver' with type 'ros.ament_cmake' and name 'lds01_driver'
[0.801s] Level 1:colcon.colcon_core.package_discovery:discover_packages(recursive) using defaults
[0.801s] Level 1:colcon.colcon_core.package_discovery:discover_packages(ignore) discover
[0.801s] Level 1:colcon.colcon_core.package_discovery:discover_packages(ignore) using defaults
[0.801s] Level 1:colcon.colcon_core.package_discovery:discover_packages(path) discover
[0.801s] Level 1:colcon.colcon_core.package_discovery:discover_packages(path) using defaults
[0.871s] Level 1:colcon.colcon_core.package_discovery:discover_packages(prefix_path) check parameters
[0.872s] Level 1:colcon.colcon_core.package_discovery:discover_packages(prefix_path) discover
[0.880s] DEBUG:colcon.colcon_installed_package_information.package_discovery:Found 1 installed packages in /home/andrey/Documents/RobotParts/Code/HighLevelCode/ros_ws/install
[0.890s] DEBUG:colcon.colcon_installed_package_information.package_discovery:Found 285 installed packages in /opt/ros/jazzy
[0.894s] Level 1:colcon.colcon_core.package_discovery:discover_packages(prefix_path) using defaults
[1.094s] Level 5:colcon.colcon_core.verb:set package 'lds01_driver' build argument 'cmake_args' from command line to 'None'
[1.095s] Level 5:colcon.colcon_core.verb:set package 'lds01_driver' build argument 'cmake_target' from command line to 'None'
[1.095s] Level 5:colcon.colcon_core.verb:set package 'lds01_driver' build argument 'cmake_target_skip_unavailable' from command line to 'False'
[1.095s] Level 5:colcon.colcon_core.verb:set package 'lds01_driver' build argument 'cmake_clean_cache' from command line to 'False'
[1.095s] Level 5:colcon.colcon_core.verb:set package 'lds01_driver' build argument 'cmake_clean_first' from command line to 'False'
[1.095s] Level 5:colcon.colcon_core.verb:set package 'lds01_driver' build argument 'cmake_force_configure' from command line to 'False'
[1.095s] Level 5:colcon.colcon_core.verb:set package 'lds01_driver' build argument 'ament_cmake_args' from command line to 'None'
[1.095s] Level 5:colcon.colcon_core.verb:set package 'lds01_driver' build argument 'catkin_cmake_args' from command line to 'None'
[1.095s] Level 5:colcon.colcon_core.verb:set package 'lds01_driver' build argument 'catkin_skip_building_tests' from command line to 'False'
[1.096s] DEBUG:colcon.colcon_core.verb:Building package 'lds01_driver' with the following arguments: {'ament_cmake_args': None, 'build_base': '/home/andrey/Documents/RobotParts/Code/HighLevelCode/ros_ws/build/lds01_driver', 'catkin_cmake_args': None, 'catkin_skip_building_tests': False, 'cmake_args': None, 'cmake_clean_cache': False, 'cmake_clean_first': False, 'cmake_force_configure': False, 'cmake_target': None, 'cmake_target_skip_unavailable': False, 'install_base': '/home/andrey/Documents/RobotParts/Code/HighLevelCode/ros_ws/install/lds01_driver', 'merge_install': False, 'path': '/home/andrey/Documents/RobotParts/Code/HighLevelCode/ros_ws/src/lds01_driver', 'symlink_install': False, 'test_result_base': None}
[1.096s] INFO:colcon.colcon_core.executor:Executing jobs using 'parallel' executor
[1.099s] DEBUG:colcon.colcon_parallel_executor.executor.parallel:run_until_complete
[1.100s] INFO:colcon.colcon_ros.task.ament_cmake.build:Building ROS package in '/home/andrey/Documents/RobotParts/Code/HighLevelCode/ros_ws/src/lds01_driver' with build type 'ament_cmake'
[1.101s] INFO:colcon.colcon_cmake.task.cmake.build:Building CMake package in '/home/andrey/Documents/RobotParts/Code/HighLevelCode/ros_ws/src/lds01_driver'
[1.109s] INFO:colcon.colcon_core.plugin_system:Skipping extension 'colcon_core.shell.bat': Not used on non-Windows systems
[1.110s] INFO:colcon.colcon_core.shell:Skip shell extension 'powershell' for command environment: Not usable outside of PowerShell
[1.111s] DEBUG:colcon.colcon_core.shell:Skip shell extension 'dsv' for command environment
[1.160s] DEBUG:colcon.colcon_core.event_handler.log_command:Invoking command in '/home/andrey/Documents/RobotParts/Code/HighLevelCode/ros_ws/build/lds01_driver': CMAKE_PREFIX_PATH=${CMAKE_PREFIX_PATH}:/opt/ros/jazzy DEBUGINFOD_URLS=https://debuginfod.ubuntu.com /usr/bin/cmake --build /home/andrey/Documents/RobotParts/Code/HighLevelCode/ros_ws/build/lds01_driver -- -j4 -l4
[22.885s] DEBUG:colcon.colcon_core.event_handler.log_command:Invoked command in '/home/andrey/Documents/RobotParts/Code/HighLevelCode/ros_ws/build/lds01_driver' returned '0': CMAKE_PREFIX_PATH=${CMAKE_PREFIX_PATH}:/opt/ros/jazzy DEBUGINFOD_URLS=https://debuginfod.ubuntu.com /usr/bin/cmake --build /home/andrey/Documents/RobotParts/Code/HighLevelCode/ros_ws/build/lds01_driver -- -j4 -l4
[22.939s] DEBUG:colcon.colcon_core.event_handler.log_command:Invoking command in '/home/andrey/Documents/RobotParts/Code/HighLevelCode/ros_ws/build/lds01_driver': CMAKE_PREFIX_PATH=${CMAKE_PREFIX_PATH}:/opt/ros/jazzy DEBUGINFOD_URLS=https://debuginfod.ubuntu.com /usr/bin/cmake --install /home/andrey/Documents/RobotParts/Code/HighLevelCode/ros_ws/build/lds01_driver
[23.019s] Level 1:colcon.colcon_core.environment:create_environment_scripts_only(lds01_driver)
[23.020s] DEBUG:colcon.colcon_core.event_handler.log_command:Invoked command in '/home/andrey/Documents/RobotParts/Code/HighLevelCode/ros_ws/build/lds01_driver' returned '0': CMAKE_PREFIX_PATH=${CMAKE_PREFIX_PATH}:/opt/ros/jazzy DEBUGINFOD_URLS=https://debuginfod.ubuntu.com /usr/bin/cmake --install /home/andrey/Documents/RobotParts/Code/HighLevelCode/ros_ws/build/lds01_driver
[23.030s] Level 1:colcon.colcon_core.environment:checking '/home/andrey/Documents/RobotParts/Code/HighLevelCode/ros_ws/install/lds01_driver' for CMake module files
[23.034s] Level 1:colcon.colcon_core.environment:checking '/home/andrey/Documents/RobotParts/Code/HighLevelCode/ros_ws/install/lds01_driver' for CMake config files
[23.036s] Level 1:colcon.colcon_core.shell:create_environment_hook('lds01_driver', 'cmake_prefix_path')
[23.036s] INFO:colcon.colcon_core.shell:Creating environment hook '/home/andrey/Documents/RobotParts/Code/HighLevelCode/ros_ws/install/lds01_driver/share/lds01_driver/hook/cmake_prefix_path.ps1'
[23.039s] INFO:colcon.colcon_core.shell:Creating environment descriptor '/home/andrey/Documents/RobotParts/Code/HighLevelCode/ros_ws/install/lds01_driver/share/lds01_driver/hook/cmake_prefix_path.dsv'
[23.041s] INFO:colcon.colcon_core.shell:Creating environment hook '/home/andrey/Documents/RobotParts/Code/HighLevelCode/ros_ws/install/lds01_driver/share/lds01_driver/hook/cmake_prefix_path.sh'
[23.045s] Level 1:colcon.colcon_core.environment:checking '/home/andrey/Documents/RobotParts/Code/HighLevelCode/ros_ws/install/lds01_driver/lib'
[23.046s] Level 1:colcon.colcon_core.environment:checking '/home/andrey/Documents/RobotParts/Code/HighLevelCode/ros_ws/install/lds01_driver/bin'
[23.046s] Level 1:colcon.colcon_core.environment:checking '/home/andrey/Documents/RobotParts/Code/HighLevelCode/ros_ws/install/lds01_driver/lib/pkgconfig/lds01_driver.pc'
[23.047s] Level 1:colcon.colcon_core.environment:checking '/home/andrey/Documents/RobotParts/Code/HighLevelCode/ros_ws/install/lds01_driver/lib/python3.12/site-packages'
[23.048s] Level 1:colcon.colcon_core.environment:checking '/home/andrey/Documents/RobotParts/Code/HighLevelCode/ros_ws/install/lds01_driver/bin'
[23.049s] INFO:colcon.colcon_core.shell:Creating package script '/home/andrey/Documents/RobotParts/Code/HighLevelCode/ros_ws/install/lds01_driver/share/lds01_driver/package.ps1'
[23.052s] INFO:colcon.colcon_core.shell:Creating package descriptor '/home/andrey/Documents/RobotParts/Code/HighLevelCode/ros_ws/install/lds01_driver/share/lds01_driver/package.dsv'
[23.054s] INFO:colcon.colcon_core.shell:Creating package script '/home/andrey/Documents/RobotParts/Code/HighLevelCode/ros_ws/install/lds01_driver/share/lds01_driver/package.sh'
[23.057s] INFO:colcon.colcon_core.shell:Creating package script '/home/andrey/Documents/RobotParts/Code/HighLevelCode/ros_ws/install/lds01_driver/share/lds01_driver/package.bash'
[23.060s] INFO:colcon.colcon_core.shell:Creating package script '/home/andrey/Documents/RobotParts/Code/HighLevelCode/ros_ws/install/lds01_driver/share/lds01_driver/package.zsh'
[23.063s] Level 1:colcon.colcon_core.environment:create_file_with_runtime_dependencies(/home/andrey/Documents/RobotParts/Code/HighLevelCode/ros_ws/install/lds01_driver/share/colcon-core/packages/lds01_driver)
[23.066s] Level 1:colcon.colcon_core.environment:create_environment_scripts_only(lds01_driver)
[23.066s] Level 1:colcon.colcon_core.environment:checking '/home/andrey/Documents/RobotParts/Code/HighLevelCode/ros_ws/install/lds01_driver' for CMake module files
[23.070s] Level 1:colcon.colcon_core.environment:checking '/home/andrey/Documents/RobotParts/Code/HighLevelCode/ros_ws/install/lds01_driver' for CMake config files
[23.071s] Level 1:colcon.colcon_core.shell:create_environment_hook('lds01_driver', 'cmake_prefix_path')
[23.072s] INFO:colcon.colcon_core.shell:Creating environment hook '/home/andrey/Documents/RobotParts/Code/HighLevelCode/ros_ws/install/lds01_driver/share/lds01_driver/hook/cmake_prefix_path.ps1'
[23.074s] INFO:colcon.colcon_core.shell:Creating environment descriptor '/home/andrey/Documents/RobotParts/Code/HighLevelCode/ros_ws/install/lds01_driver/share/lds01_driver/hook/cmake_prefix_path.dsv'
[23.077s] INFO:colcon.colcon_core.shell:Creating environment hook '/home/andrey/Documents/RobotParts/Code/HighLevelCode/ros_ws/install/lds01_driver/share/lds01_driver/hook/cmake_prefix_path.sh'
[23.080s] Level 1:colcon.colcon_core.environment:checking '/home/andrey/Documents/RobotParts/Code/HighLevelCode/ros_ws/install/lds01_driver/lib'
[23.080s] Level 1:colcon.colcon_core.environment:checking '/home/andrey/Documents/RobotParts/Code/HighLevelCode/ros_ws/install/lds01_driver/bin'
[23.081s] Level 1:colcon.colcon_core.environment:checking '/home/andrey/Documents/RobotParts/Code/HighLevelCode/ros_ws/install/lds01_driver/lib/pkgconfig/lds01_driver.pc'
[23.081s] Level 1:colcon.colcon_core.environment:checking '/home/andrey/Documents/RobotParts/Code/HighLevelCode/ros_ws/install/lds01_driver/lib/python3.12/site-packages'
[23.082s] Level 1:colcon.colcon_core.environment:checking '/home/andrey/Documents/RobotParts/Code/HighLevelCode/ros_ws/install/lds01_driver/bin'
[23.083s] INFO:colcon.colcon_core.shell:Creating package script '/home/andrey/Documents/RobotParts/Code/HighLevelCode/ros_ws/install/lds01_driver/share/lds01_driver/package.ps1'
[23.087s] INFO:colcon.colcon_core.shell:Creating package descriptor '/home/andrey/Documents/RobotParts/Code/HighLevelCode/ros_ws/install/lds01_driver/share/lds01_driver/package.dsv'
[23.091s] INFO:colcon.colcon_core.shell:Creating package script '/home/andrey/Documents/RobotParts/Code/HighLevelCode/ros_ws/install/lds01_driver/share/lds01_driver/package.sh'
[23.094s] INFO:colcon.colcon_core.shell:Creating package script '/home/andrey/Documents/RobotParts/Code/HighLevelCode/ros_ws/install/lds01_driver/share/lds01_driver/package.bash'
[23.096s] INFO:colcon.colcon_core.shell:Creating package script '/home/andrey/Documents/RobotParts/Code/HighLevelCode/ros_ws/install/lds01_driver/share/lds01_driver/package.zsh'
[23.099s] Level 1:colcon.colcon_core.environment:create_file_with_runtime_dependencies(/home/andrey/Documents/RobotParts/Code/HighLevelCode/ros_ws/install/lds01_driver/share/colcon-core/packages/lds01_driver)
[23.101s] DEBUG:colcon.colcon_parallel_executor.executor.parallel:closing loop
[23.103s] DEBUG:colcon.colcon_parallel_executor.executor.parallel:loop closed
[23.104s] DEBUG:colcon.colcon_parallel_executor.executor.parallel:run_until_complete finished with '0'
[23.104s] DEBUG:colcon.colcon_core.event_reactor:joining thread
[23.135s] INFO:colcon.colcon_core.plugin_system:Skipping extension 'colcon_notification.desktop_notification.terminal_notifier': Not used on non-Darwin systems
[23.136s] INFO:colcon.colcon_core.plugin_system:Skipping extension 'colcon_notification.desktop_notification.win32': Not used on non-Windows systems
[23.136s] INFO:colcon.colcon_notification.desktop_notification:Sending desktop notification using 'notify2'
[23.240s] DEBUG:colcon.colcon_core.event_reactor:joined thread
[23.241s] INFO:colcon.colcon_core.shell:Creating prefix script '/home/andrey/Documents/RobotParts/Code/HighLevelCode/ros_ws/install/local_setup.ps1'
[23.250s] INFO:colcon.colcon_core.shell:Creating prefix util module '/home/andrey/Documents/RobotParts/Code/HighLevelCode/ros_ws/install/_local_setup_util_ps1.py'
[23.262s] INFO:colcon.colcon_core.shell:Creating prefix chain script '/home/andrey/Documents/RobotParts/Code/HighLevelCode/ros_ws/install/setup.ps1'
[23.271s] INFO:colcon.colcon_core.shell:Creating prefix script '/home/andrey/Documents/RobotParts/Code/HighLevelCode/ros_ws/install/local_setup.sh'
[23.276s] INFO:colcon.colcon_core.shell:Creating prefix util module '/home/andrey/Documents/RobotParts/Code/HighLevelCode/ros_ws/install/_local_setup_util_sh.py'
[23.283s] INFO:colcon.colcon_core.shell:Creating prefix chain script '/home/andrey/Documents/RobotParts/Code/HighLevelCode/ros_ws/install/setup.sh'
[23.292s] INFO:colcon.colcon_core.shell:Creating prefix script '/home/andrey/Documents/RobotParts/Code/HighLevelCode/ros_ws/install/local_setup.bash'
[23.297s] INFO:colcon.colcon_core.shell:Creating prefix chain script '/home/andrey/Documents/RobotParts/Code/HighLevelCode/ros_ws/install/setup.bash'
[23.305s] INFO:colcon.colcon_core.shell:Creating prefix script '/home/andrey/Documents/RobotParts/Code/HighLevelCode/ros_ws/install/local_setup.zsh'
[23.309s] INFO:colcon.colcon_core.shell:Creating prefix chain script '/home/andrey/Documents/RobotParts/Code/HighLevelCode/ros_ws/install/setup.zsh'
